0
0
522238705933293444
213338206708305032
0
533628966722952683
0
0
0
555807653099070099
869549660956422250
224102842027153304
0
542613292904625981
0
431557035231133056
924796963724657062
70714866365376391
0
0
0
82671084980930782
0
568525830041047738
0
911714265104276184
420521479932470724
0
113674246317088503
0
0
5041707281642642
0
371272638079003967
0
0
493932728853434447
482563630077090832
0
0
447484146547866343
0
678120938345197166
129262968776333363
0
209062388107342280
577071800570133490
425849396336396746
0
72970899795915774
0
0
0
385088108011853045
429567648562456351
0
0
0
0
0
0
71757851447099957
475650317342385206
491570750491044305
0
0
0
227040949618041131
739054780941561560
979824965067540758
745388739074004020
326141760722569322
981932078084272240
695320772466483822
0
358016565570542798
0
0
0
0
0
0
0
714421254865250089
0
0
0
451799350930820085
0
0
72378031829840910
812506997300559851
0
0
0
0
0
887055673945404792
693430928014291210
976513720156780199
238107473745149498
710501837852018505
0
157410525413093420
0
609060165288685733
0
0
0
975853618267129117
0
0
200104181447926105
0
457042589332235773
451678998690991825
0
0
893297195188440444
0
0
0
870250472761939517
0
626909257788777776
0
694415516344543879
0
470504696999888030
0
0
0
0
0
0
878700974966205040
0
0
0
0
0
0
0
0
976870807262714938
0
0
0
0
0
0
54251438305478314
585016672399935695
47330079856350256
833384266721484542
180758783535997251
386931354514790464
687855429842906831
0
0
232741733046122050
194962971723453703
0
626579264790212308
537146803864335359
720118415395480483
500812614166107170
926870059143170829
0
0
699559424524552090
122494114012277763
813136967450435613
0
0
857720360734291004
0
0
34062419926906617
0
225287455795283284
857683390897639584
422943900265477401
0
0
0
82722543034749462
625828414938747306
0
787293393920228945
117002590708437467
0
162006673238990335
0
0
0
0
116675268934831103
162155982091851177
0
0
514042495861763505
0
388846067490601934
0
57349975607272657
617848828743495413
543538110714626294
0
411571368077475542
714472052005003898
0
534547006324024809
0
0
363603554440232613
0
0
0
423925864122968169
744396534769275887
0
833214865625454203
0
0
791544072778466720
266046108690193482
138383809098147716
893540392292208785
0
564123835777220721
328858281284191930
186221090424669482
582261279050334009
224760038738170710
0
615168227937415113
759469245096901991
0
0
0
743154842704507856
461935719163744281
0
523877125980488338
352023154464266984
0
0
82879661215757888
0
0
0
0
0
0
621223716542618952
0
0
4757645274945022
0
548592108630427965
208794304186945445
0
0
19003824399015202
0
530755723217743659
0
0
573011995492634776
276882129728279011
315802446742492304
0
0
207977869426783506
988301485652593197
0
0
0
97983276352980164
945965173610583651
954027802510359497
342588201370652593
997970297339599106
225666615992276310
0
791645640443291446
915673818255074657
0
414917229600243957
582237748018737969
0
0
242829647167431622
0
0
971997291726248003
632927214806749916
24657541592882787
689492046009589641
0
0
0
0
315208226978836836
0
644071722383956221
171538794775705556
0
895421857631281034
634327867102451035
953803824300320939
624841983549859131
0
0
445334567989916311
438240462623123946
741835041881254854
0
353536048375222982
0
469249066733514688
701030242497600382
632366450034549836
0
0
0
871004321695181849
0
0
0
462334672611937450
0
0
0
537606533830880622
170883187840298633
0
723800336211965804
0
0
987546382384352834
983243828569512235
0
0
547887246877356290
187262153624774648
672288141108106579
0
0
47386619560472709
0
0
0
877666251912998740
700210040720711962
0
0
312480993093409616
0
0
29806700775916760
908913357816978335
206690042256511910
0
0
650532673353735271
755855924124427665
14794967196818020
687170166196824372
0
0
571683236182463428
719390873057025430
0
0
705836279536422985
551308182528573664
221529052440581778
0
688098742221179935
0
0
266613477236217605
448978143722156474
470606204824147800
813000488915336328
0
246769782027856111
998406926050575374
0
0
652961746986471041
0
0
147245733362738361
749555169323350389
0
0
98882831755948549
0
514674293840375527
0
196225661381066996
439614830859485176
0
0
0
0
0
0
0
0
207809678486666092
632328494852921057
0
317804817142110914
0
0
0
720760725126023930
569485534559688585
451064514400932145
0
0
693573893692334088
0
0
0
24117273705522554
325723537527201425
0
0
316264830854154288
0
0
0
0
0
698037023419921327
0
747262331597114154
0
0
426323338138914125
51788265638661615
584919353490017755
0
0
494315301785022590
644156486004948551
560848804416337054
640264907368769586
0
569988167305825293
511881315595091050
266290658370375502
0
0
508743120649533047
304632371227930875
0
955683215487800418
0
423458204702166217
523255281315589998
608146961146781083
503125930520402491
157371766165342804
0
469696676960485261
0
0
0
458843732937063338
177738448468568565
0
0
855432434566829543
144105902495813091
929647027534996466
730440423848478524
0
0
231211532878239729
0
0
0
0
0
833331538919080915
855982915530074457
0
823866482540126342
0
869572752460519724
0
364629320913408651
0
130569937276598774
624999464161866449
381433380161525664
0
764349534552521797
807418996300615407
0
0
838491620877718084
0
99245597240730692
0
138516525670184653
184810812789718196
0
154812920978741663
0
508410674045072628
599821801698625689
806275119083927455
885186531794223060
0
0
0
0
798151028005690574
754020475312630803
594746296672200143
0
0
107281581613249589
359698275353195510
0
751365220481835510
0
0
0
0
33989082860055190
0
0
0
0
359265926084339918
0
734553904311219476
0
114666282227732748
117520706472830830
0
0
0
0
0
26465364485668802
0
0
935363013337362837
0
129734128000728019
0
0
0
0
819222652136539567
0
588102957726786069
902655402796192291
0
0
384815601770143052
0
0
76655424334766793
476370702914761294
805387768895186890
0
93237222781727340
0
810066239593637070
455421720193934262
298248571713512846
0
660650440895011325
463212494487925142
942248064671978171
850882392086898699
51503591525987773
795636359373765108
0
992619021282989215
168870918024314060
559079573529779640
30174298668615791
0
950307042164987781
648345648025744003
0
0
476232309323291556
0
0
0
0
0
0
316168679329007956
454163509797333592
0
363602026915951833
259020004004613880
859610462716318449
0
0
0
434326985417742408
750165604597091701
586797828054611911
0
0
810872698483517246
0
0
0
0
253012860627496892
125341766015777979
0
468149737916675938
607050542372899328
0
461137838326351301
0
903666104612159313
0
0
0
0
0
731713219479346160
0
0
747172157214759584
572257815343615661
0
679739502378151772
0
602466966545877984
0
602345953603659465
451088172594278428
0
456256415183776730
43930271507695629
0
355903192529937297
472749686291756213
0
0
545368869124572817
0
0
0
208579917648033720
808674244883195696
787921264786608285
0
0
0
17789835234423798
254622673649991350
0
234156494787562989
0
0
724759324693764258
0
0
259769239178874582
0
0
0
408588712209105686
214914162484663971
0
361063095300834327
973485942109254487
732126287317887903
294763035968215299
0
739452263902117049
0
559932722894220092
0
0
0
816322483466290331
11178222446956051
575043970576060763
126202895732993470
0
0
0
299403623760017136
663872425257115270
583152172218890629
0
597132270284286573
499740546821543295
865734569267028719
760686591518214685
0
0
0
0
0
180673929743458123
0
51810619042136692
0
0
0
808902632400223715
0
325779284016186769
0
481939072992483405
341435745303771782
861035470921307345
0
769100714107305485
424490561614067290
0
0
0
327727988842633616
0
38343550885414707
699580787254118754
958250880307481872
0
0
0
278527939216439342
61746133909032527
350628587585989020
0
0
0
0
632440137515721463
0
0
49824555924390262
0
0
170264898161555257
0
0
0
966041603504547453
223156714977602457
0
0
995866135209032944
0
87487187851178436
320370792984263256
373982849557342611
0
0
858849084144242498
0
0
788801891572014004
418317459998797904
845519639122515815
0
0
0
0
416748632696163370
1444153641166199
0
0
0
285643890917182616
0
315370913956161318
74213352977724295
83546623998191411
759292556601176891
0
0
215891104191374522
116224611572793099
418916230492735065
0
0
0
187205772958834342
569988795316410795
251806790555184537
0
0
0
249836052515842862
0
751507795175599998
0
0
797617035941066179
0
0
78343091603129226
944415010056887902
438669211142131821
0
3461441452296665
0
532096192928962573
277602158095359812
0
272949016991266062
338770334162526202
609129491729034182
749065748018266024
805319877703265253
362622106530910555
321242291752039520
217021433934500408
0
926872589250002080
330925858536506281
802988435381354945
0
0
894507544809053927
0
307382971614882260
0
0
416083590579124816
0
688873993547555331
812432722848493864
0
0
519777995551125715
0
239145854040222042
0
0
0
101624241002126962
93437853206063714
397225893876879920
410254899903280368
764693055636012245
0
0
0
643251096284552280
0
0
798645918091091036
0
0
109578418386932622
383948715208246690
953961097017415990
0
0
0
0
0
324263755789745673
0
0
405101782830681820
0
0
752938062536674838
822633490290684422
0
787694928552981568
219293969922728187
602048029250575894
275873192731214314
0
753971487429501196
840561721045032165
0
465804139134389518
713163892296464385
804066000019524079
0
671253935129600089
0
962023224981767879
0
103757832610633604
0
0
0
0
109944379697536746
175468060713619592
0
118417867244410462
143764326930455796
0
205935698312231526
0
0
429266722439493150
0
717610541888905087
496901601647614184
773083228104080181
0
276747285901503175
0
988142151333345022
0
283785633636670277
0
0
0
151551714594586750
0
0
0
0
901810573409607533
0
0
200168970236307512
0
0
0
0
0
0
530561489217388341
0
46890665798125117
0
0
716191328461019917
0
0
137024821358006314
0
0
50517141131711534
0
266638149492379802
160638609526072035
0
656697189848910779
194984257310431088
0
0
519028072750255315
0
772407542750410098
71726942453897823
454725125819283134
454272218229706227
116562429916792810
0
295198747466487955
0
0
675534143826073001
728569672855174871
0
0
753261030696906910
996543471161245011
0
159463205651736175
873605125578386171
0
0
0
538198183595380739
894466191444933666
0
0
213934520421990792
680051667470836467
728582858195498021
967029878099465742
0
115471058866825213
0
0
0
139887655311998403
278037292302846427
334496684631617701
0
0
258832851728746304
0
0
0
0
92884105486616711
0
163850979571575694
0
823277777212783856
800205254106106606
0
187921770645142407
455365279814915399
0
808235102668464591
0
32705548828907164
967448833627168641
137227377100511084
0
638142702376782986
0
0
180634581465127183
0
0
0
158892195879970475
0
913149432771028063
0
0
66057845542174435
552356851840569746
0
0
479787994226618911
407071741186842477
0
323313538381002093
455993578280836891
0
624788635188069426
0
0
503416912641261048
312716579795084580
0
0
65665063703052009
0
331765731223971961
846080237424342273
0
977066232284921610
0
0
365623188921460744
0
0
394167934936740054
0
0
960322343153996890
671641445475034215
0
353948366359343273
892224413122184896
760884753621885868
0
617844254433969088
321225140373120463
381933644445112330
0
0
427526749088909944
0
0
0
795906326699498106
0
0
258175597972667597
787236007550835317
834034285996849554
0
671373747005121705
0
896197620827374764
0
0
0
0
0
0
249772969187719733
545776294041568634
0
0
665586653377806219
938487912595607986
0
658843896569481050
0
0
583711350108356496
0
792163398290577281
773328358001316119
0
0
0
538848220679860787
530242386166817072
0
139295037694248537
0
0
611330272104341724
0
48777198961504261
156263809328699219
0
0
242803051688244912
0
0
647137512804891586
0
289643889688837262
0
0
666070115036136845
0
0
0
841345479535531530
0
580966082209783480
111414382394192686
522402674493114114
169121389805623027
0
618448869110323061
61198408726513065
756089566113479432
687287601596707634
552082246043258496
491739914470569889
559170702749877397
0
0
889702924287776760
0
0
0
247100103588251260
0
0
548395355580094798
0
0
741047988469997888
0
223294972447717002
0
0
316168679329007956
78034970506797294
486555478793757283
1147790775608556
938038268341575403
909483669201209025
0
274168082862062128
0
508410674045072628
976531806349343589
0
0
0
0
598291195192222780
0
75521416531840288
0
526612919662671786
81445097381934360
280184721652209660
0
0
0
0
769787754255214157
856896330737207660
0
234202035500753177
0
68357372379203807
363933940647019805
536913085999966795
827699646671191053
87246382700294108
0
297653508114255459
0
0
0
0
0
663348367368527768
0
924572022202139528
995438232493603941
798226607726507553
0
192794261711973351
0
0
98852749958580192
401216086752003531
0
0
133431712874706718
857461386689631661
608427575806791658
980581700394603592
0
864530168436625755
238762844273940084
0
906395908885888824
0
0
325008260435131998
72709295210330651
518182026239994430
441241232027539668
0
580246751085908596
135380974514111908
0
0
0
0
951785749779492424
0
755067821311908900
532862988603501099
0
0
0
0
0
221734569587146304
0
519481771896272705
0
0
166079119791930952
196339305707020479
779955095908340552
964562237471070390
754632251001593207
0
0
0
0
0
358972075133006483
0
0
217673301276927203
0
480350353455256087
432498385805671162
59193830550865818
216851502357690295
0
137090610267407222
870811578570314037
0
0
0
808835262489401919
0
0
436272570427733516
313077639053642820
803102436963040580
808411217748954795
0
0
0
758783627855139489
504118234807500071
0
0
0
0
893161388299240929
174266885156758399
825174142867579753
0
0
0
73276620893899329
0
0
166746011445065377
478059701728768095
0
0
830280815681749601
175510258956551296
0
0
503282143377435982
256742266266373698
765797983207536910
0
0
932031775580569694
591700473684401210
0
0
0
0
0
0
662153182864951582
551248752025869588
0
474498117711571764
0
339807468664790262
992201998142869430
655295269997049794
974355053003751937
0
394566800402404791
0
133806378375675308
483442347701116901
0
970368535796052856
0
838539168137317059
630344719015518144
759071848518782070
0
56490323205858282
0
0
57349975607272657
0
0
0
0
0
65867474442040077
0
0
0
0
0
199327617281457682
750276141689158460
756805225762013996
0
67886186364564228
638028402684803084
959594784356527002
936849605240240906
133338690278647649
0
0
169096773745995894
741702600763820869
694151748491253458
52494935272652032
37548068757780391
0
931547857244412771
75413307448724488
951528511530513057
0
397400117880702236
0
534132795594707625
911990410843672647
0
0
0
0
555869710260058493
311248428000868763
921880344028019975
181618046794334205
0
215831274018756023
46244263159456529
491260788698309080
0
0
876263266336985019
270843376032238629
67806536890812093
94460487386685367
642712256414073025
877727291826631376
573463121208175834
634839185094970402
575179280480452927
134821740778884172
350762117105435256
0
98207670434362506
0
287667015009697791
799729108175239097
0
881371778217696025
0
0
785135140725577381
0
918030932103677267
0
507625287167412689
521286475389356798
740518881387562120
0
0
823852660304910170
481756391031240588
39743133659241223
0
411810836773464787
0
499698238788886202
788494938395541486
0
80278870271856385
0
0
763876346935594785
801670770154300138
96731922035481529
29240868887336665
0
344629934194653626
2006060216863327
0
138930546202254093
987207405344154883
0
248339653080004189
0
0
0
0
939064329347775392
262698784062554753
400874850132390787
797348955444717308
107583299113201710
0
591187452868774482
72542226873757580
0
0
0
0
0
0
492209197072873142
901276314424187631
104715654150748102
494476183748307320
0
0
183027942105118559
200230599035967306
0
0
699314464669189042
904572264052690093
629883135545767254
0
0
0
652669033601588642
451313768235248078
956659250325615437
0
0
0
775439063584379826
858931264540950434
0
0
0
968289416326805298
616807379318376977
0
838683542773106206
0
505201699582381644
103681170102685785
0
0
17360715739782930
0
0
746788842987601332
651296746911533420
0
595673829641387609
163616228057060686
19829228384015458
303217240190738314
880288974706372670
0
956337283972996164
65648182840461499
901667058097413208
0
492813771707000594
801770998005407113
0
247172484616408845
0
977189784390609245
0
375877209727150727
655166099246962731
0
200579209480302026
436426163088886626
0
0
861809048965839034
390314919693502962
0
0
0
894557384292331828
0
466564048029461593
190829852325423668
670690447743743984
0
0
907879332625524497
0
712127882542901423
0
833368037194915397
464220083004021601
766631206245625303
0
143460894622845035
739835301158245736
589174808611979164
242710427796518284
0
0
0
491796827821707591
98066422509848749
0
0
0
432307509587149722
0
715986819043446794
0
182561104823535814
801712452619047444
0
0
944990354614080758
415516968720869614
365191908282739360
556035699519977125
347805138468965621
573760482062564214
295321321030855041
246390718511886847
0
0
398874747300583127
37178782756599437
0
0
457865079736059434
0
0
173048244814726972
881040944553253535
0
0
990950138214167501
0
213024315504231767
0
452830396451662367
0
0
998106798120013845
463392992651289739
404747815234267815
0
282188710561432472
5478354104724681
293436378304942424
0
974074802885928567
0
0
903094444847057378
0
0
0
851647491682763756
0
0
468765292214480398
654517239970958455
762292126254406251
121507002694335663
930057868478180474
573422180498064703
0
821380277666497452
0
497592552721076364
959554471903312846
164721125336829289
376372999955769291
0
436899254967777081
0
369273128652886487
0
193371894938962080
0
208347262125460533
67057294425000854
938675383982264352
159141370339094793
889285262299156822
395615664402780861
567382062494588867
0
426720721515434244
0
599647501011533917
0
789050597801089711
0
924438254299706293
0
563405421865759802
0
0
511473103931351726
0
0
0
476373523658708555
0
377331301438808713
535308894020486649
970537530819089085
738922282904505247
204837455571693022
949425980313004856
781067457696910560
0
279694886236992376
0
552262732191725267
296957299524105604
0
633870720162329102
961866737574096793
0
0
0
0
0
924609265220858991
0
0
386888893307662713
0
938377755978292055
596002804864937904
520485091222701585
923271832926799098
0
146057807422546375
714132507668155720
0
0
0
0
733392145680648768
0
0
0
499060318741637796
0
0
636647804676445241
0
0
0
0
137426247177878167
0
0
0
936845632932319927
512931751442259454
925778808693318254
0
0
0
0
0
0
0
0
0
0
555538723954193640
0
375161502650451209
0
90384803194375706
989973697954081204
210022853601872986
0
0
0
0
0
899043578749319077
0
640008469924933566
73578325532415403
32259246808480152
941328253847493255
0
0
107916463623342785
0
0
814121144779394325
369946475645488970
939296165602453770
0
0
165321091765394164
143598006313377072
835279204579876566
14874245939674179
89487162581807315
30103398191150362
346299385563877642
0
0
0
357392419192837555
498671579312361191
0
35510952537657985
245890308453754641
0
969485538378963588
0
591615195055106124
971649995915124057
0
0
28212894144826621
619844104934422080
0
0
680184681028784875
0
900010111548296882
0
0
283839055944634143
0
52460256406772415
608377126992781909
99828576453169534
0
0
0
0
0
388022408976526976
0
0
400100691239963755
0
749204684035435280
997147244482307802
861139371437461840
0
70154370621226582
668396472196970330
808954559092729747
0
120570219613228608
340283133853684914
924535972014512013
0
755235875326799917
0
438368187053528619
482658417119424127
0
0
887370914878096719
0
203318753834434554
713370906677902634
933164723847830618
361743504448321433
864821107359469747
0
638012978644521496
924726279105894403
360286559299805142
983548491051746165
0
639056077656603707
247038916025325998
392106324805483838
0
776896978898634319
501599914518014276
0
354920786057494097
535221302211661735
0
326117128933266583
109916533264672554
0
0
921558533975333616
464737821867555746
0
176997355120353103
0
515220073920937463
0
817660858560464892
0
0
94009745351138229
0
876697318760083634
634581834261447654
0
0
41875998012318150
268661131026529889
352197935136773676
61374702402948215
0
0
573060362060185716
451043929873093418
72725242041452801
137782955365460734
0
108452126214966902
435514558154701123
0
106795726932837140
0
0
0
0
0
957989885483568549
0
0
0
573250431113167995
321526438242963554
459854819017747371
0
0
985689677002547040
0
0
302340637596546442
0
0
32091831575257206
0
0
316666926215979274
0
0
0
393289875911496099
518175415343355506
703942456704122750
0
617030427627982146
0
55015590459206161
0
903040058581248411
948985796020411200
0
0
0
661262729922019642
0
880215546099218250
281804017626313180
0
105239448010645772
696244202495960766
0
0
791766975784671621
0
0
471244968794482984
440028198923000207
574952556720672163
368143529844497325
0
994296355928872999
0
0
872679934890947270
858993623435721509
0
856678514174034602
656557054609482624
169134386996793465
0
361966835424719119
980852638427390429
0
69550313153431601
0
837807565270799509
0
0
0
0
0
0
766757524839558059
0
0
0
0
196771672979706018
0
0
282626331856318294
556612997362125573
279617512296698156
0
977104608107353791
900646274217779940
0
542579893479827143
0
0
0
660399360097221141
347320092219620125
0
885028817465998864
918514049001601879
821064447829455386
750694528299153570
706234035701728513
0
877574427115520231
489525739896977910
0
0
183400036404521440
0
368340882492521323
520046689571837827
0
618775212389464335
0
0
809240830149889210
285135294810723796
0
488143184833263674
0
557615372112283935
140232679564949015
888500160040993879
95918176388013494
0
322907482402351206
900828225500283198
542433213805203908
531880560223630986
0
413753707221236356
145808457057912138
0
382455970563721094
744237512769423259
140469915903096300
14951187733175767
0
999566585305185712
0
0
631084434672149429
598940906405077563
45640845713034400
0
24125072030816343
0
0
629960322541304985
405931303523113516
306012607929694181
0
476411834351316832
0
506466771897519872
974550378359982911
0
0
0
0
0
0
423199797002886750
580971025798667264
0
11167221900628736
5989617192798234
0
867502210121949133
223759784678173982
639924725803739446
0
230878774403549363
0
0
426636154143222921
106977799463819718
0
0
0
0
0
0
0
0
0
16364129519013409
872870447773373782
43288947883227797
372874346475506023
0
0
0
0
855656949569252992
563607509049808625
0
23661650213358592
345620721299401533
0
0
0
0
614505280135238954
83284905315376492
0
5586687979810282
657690367056839199
327997275194488347
0
0
0
0
0
0
906688091282813319
0
629656862557052330
817880125689385669
810511519682336042
0
308185591465398957
0
0
406149225031022505
0
13292908140089420
0
0
0
421538242383293186
0
442314302162599584
657056858661328689
535277346801517175
983285371639762355
0
0
138935404741179030
0
0
0
470267150493916651
166165530592722227
358152679295361147
474807221549825402
374847115788573791
942167567301971084
179275654521022001
0
776382137884014320
224088805171383137
0
408591252939934676
834334917498946564
0
329739235361368691
111724741271074185
0
0
878077309341600648
0
0
130015589596649248
0
0
0
0
428890312191217687
770772708858756184
0
927842747661553861
0
0
0
0
0
978848306096631454
0
0
0
466968917719526702
0
446496055450768390
0
876861961161046597
562863795860077990
138610485927265260
0
0
0
118671439223361707
0
261498648310165654
0
0
0
0
877429525918351812
97765459530092356
0
0
427989743007929404
0
490345971261256377
0
0
0
197716759690122595
409006550858643347
0
320281902877320194
205626172687341624
627218870802058237
611429500410066012
0
392887498855889642
0
276450907221757388
769084813407095621
965634837687658819
618458626440221282
139635187348035470
0
0
0
0
329516266967964193
43718009643699752
204796524180457404
0
75405846073781550
472083905014065592
0
760738137202149444
0
0
0
250576846735048141
0
381224506745409443
457807552621743590
139840001900177343
0
0
43135804483119602
0
298290398319563922
0
0
570507310374517305
379561319568885007
87898245463930169
41945558380297712
118421539777590055
0
0
39062104238050165
446451750944916160
912143124584042023
0
0
0
0
0
643409694251404240
0
0
992083533505927769
122746438182747303
0
0
0
0
0
133181355023654083
9656320810939192
0
0
0
894692340171018451
0
629819666859099647
609708650820699120
0
0
0
0
358953238619855187
0
0
0
0
644580271676288874
0
0
0
0
944978600779545185
192550334796408389
920540410177387688
263809135565189717
207749992434098489
0
636585084369192583
0
242532840160704641
149833231792502185
0
751531018724883047
0
775573654056424855
403978920922068451
0
262925537686362802
723993924196861997
0
0
274040413020514291
434028269132087966
0
0
0
729310064937215466
117325102267216092
0
0
0
0
186429631952948905
0
0
276833964090994007
0
0
697720396200514120
776714014105930929
884757246185615900
0
902722815755612530
474959435559804666
970265094839705354
137399447893513763
0
79989675887788332
0
649747540982885008
0
990196951388923372
0
393768269404681034
0
0
902718293218316586
0
786305865884157901
0
340206667788265809
0
408338329253380649
706899557278068711
0
0
462986386908164790
0
0
0
0
590054653911174899
458763173214637916
0
495726776099807832
0
940862492881816763
33619269451931656
43001977540388654
189727384636284950
187387727437542231
838760568501042107
731434975758290664
0
0
0
698882278105456459
0
0
0
0
904751045952756531
962916059318884280
411493567695668761
816139596054233952
0
0
894969109738030790
416200250364568077
0
688727622030539974
0
869228030349484095
428091185943005539
0
0
0
163647574800760540
0
0
0
486521456212688062
0
568314982575322808
0
0
0
0
0
0
881239216620826432
704019110802329597
0
391383112047776028
0
619587163200240481
0
516038727502135579
786995976368709315
210584408256057040
0
278606406949520905
542612687483741600
398266378868275877
0
0
0
767350791093838580
0
0
981849008180526371
989158192083629927
177226971151997147
0
435275421768821331
0
0
0
122367694713412988
0
519613716090559896
573541578995448899
0
319539716713199850
0
0
71215846401361155
375049250159096389
0
0
147546679068719030
0
19582443364424440
0
0
923252345029921543
661623646118684933
0
19332956477664479
0
0
838377361235634041
874389597091582399
0
0
748086191045359566
240930525294670110
0
0
0
0
0
0
775632467043154688
601354470919980003
0
0
0
0
107070080360724498
135921971379963824
132166260940364940
827137697967703696
0
0
451388993232246478
0
0
0
0
379482761108774133
0
0
928750154757391801
591597977276664595
0
0
150658595055453153
0
0
656758874368966764
0
0
133197752585212571
104720603637445632
581783133269603494
299450328447420825
452926421165900986
0
751412356543461008
0
188883110892885677
0
0
0
346447002590745344
915925577247097012
0
0
0
0
644265738617565577
0
96251292208578594
0
0
517807296278846104
909834840689228712
0
64651118965383627
159037715309834854
0
0
0
0
0
0
0
975216540519596389
0
0
325739300602925414
29659896313968305
0
0
0
0
0
463331604548476681
118143983533607957
335886189138673946
442256058305617829
182378494482025125
175187651646555868
689341385104352815
0
839649368528552418
0
945905386173382553
0
0
0
999368228399738941
0
0
21571540331499260
0
0
0
761890252265884499
0
0
899719152176213358
0
0
770394534234613464
0
855167704530951902
0
0
409894094618422053
0
726473665985611906
438678069435330736
0
310067616818074574
450024781665134648
0
519362178764238813
318834097577194600
0
0
309900288503243419
0
637487441925318092
0
276532604577044857
298512657229282890
345936079472089871
693337279165124357
284157842090224843
947907702385946651
184419453762158548
906042901208150643
0
0
534315389173090655
0
0
591836954336118555
0
0
0
249540807366095445
926526348956928957
0
862368088941392601
0
946145931864933525
739162347441321145
521623425015878636
559699687633646137
0
0
174606366726452355
0
0
0
0
0
366475511432979924
892770889340995241
0
0
570788772646200495
502452928286951746
0
272930316321219611
0
344338905134985670
474276892436330332
0
719755515976420170
0
0
0
196945910795554356
0
326475654162102971
762248302111251902
868798269950304094
0
0
243397017603250695
770288787146608135
853592600414042156
0
573081325676207324
407627969060567285
0
775773612932306034
500964234104184987
0
0
292744084305188082
274482868290515408
0
0
0
750400283945217920
543279485645802269
252147518657276125
0
0
0
747399637747868928
44171435892236994
0
0
0
0
35116930950037390
318470200275108197
0
0
0
0
0
128409707185630765
165448007565875509
745444351755220455
262814853769824449
743446033743333196
802707204461333530
378109822587422134
0
821909368325584916
633649364262540432
0
0
60519545621475355
20783490709456083
0
753976759862498819
0
0
890718757285466943
939343602324981565
374906106527091425
0
0
788017994087750979
0
428573293233582664
84208966739384922
551538135092849145
932671311843102349
903949177640029723
550670880647402579
69658356562606357
875552960371448437
728812805977285461
893799790630240142
250747341639903222
0
322791389112582656
995347584556289795
0
0
0
0
0
0
636069126270367197
0
0
741972373557515282
0
390314919693502962
0
0
0
425698393630476777
632598226046968242
22178138505904887
0
0
29566742721144592
0
117099923021722628
0
785302555489766180
1747177681956012
0
0
0
966322059459919243
0
0
84969686078144255
555390735225898674
0
0
0
0
0
0
0
529596946417242732
0
52998758271231717
668964682518261311
0
558266636134622664
0
0
0
579839714786100860
0
627930446627343284
520796536496865101
407494030795568682
0
382115475277489615
378291857592134535
44767255797778757
844898613201215791
809328591422404171
0
42389503212969578
0
254221173769157531
737526064950741871
702518114092065432
867793397032432457
222601910263155704
771279665349257095
0
0
568079712672613742
0
0
865238045634239177
0
0
939845505939602154
0
0
419604895972706623
470040496040392712
126824975676261743
0
0
0
272719455128151440
0
675106384023724195
0
0
0
238606597304640557
0
721965265704414139
268715863746200235
0
0
708255916123484244
52647232578203988
0
0
0
0
0
733092134591743461
0
770936295297460701
544761841012787444
25990817641987817
0
76425844176871292
0
871123513871351942
0
597299562902265114
445033431741925068
0
0
838892721509509762
552622338726524026
0
0
0
280921378811544271
0
0
767363905382935084
0
0
0
525376426833424635
444739164742154477
601072303970824659
959937717158332935
0
734066748592981660
0
0
356335543167165496
0
0
0
0
0
116463970641054825
734411330702621491
692219168118539085
0
0
0
0
616967142622812111
645880725042752744
0
0
0
0
0
426560668128715481
0
0
0
589390644794668216
297702118449611756
0
450602810029916633
942378678349737934
343806117751494084
0
220160225399131054
0
0
0
0
171812273390592268
0
816979498838331952
281393206877378786
0
0
0
764348264656099862
0
896046726097993303
295596974786626797
131040954775342671
403001797642302194
0
0
0
533287735656450471
0
0
129892429699378931
0
0
638773767353685688
0
695327147552248285
0
971039746153977184
782567009720546886
0
593657446027305648
161590168286805687
275801849782378016
0
223510542375647932
997546936730867022
770791969432281399
300467467113177688
163541993628027471
747946961314644827
0
0
0
0
673432925251470219
0
744661543923356339
805387768895186890
80906840419633023
0
362629029612561913
0
379729065402407977
0
471411686511608627
122862114038920755
0
368286901548341165
0
0
0
0
118557320651263145
0
0
0
0
0
985619078222850062
0
248829522540033884
0
0
0
0
23441497615297851
968693911094230665
0
0
651538019125929670
912701547264586532
0
828031149640648793
621476120447736016
436902518058423569
0
671913124266756209
861824089955782086
0
0
0
0
0
730710431612753
0
56490323205858282
0
840909373603422594
0
969370963749134471
0
159101604032828074
386238598577872564
0
10507978448729006
527267962692624364
0
111537841616448668
0
805556659521188453
0
0
433925274579842298
0
342734699775814205
304469965657266528
266325261862443277
0
980060341115610973
6310135173789162
0
622032744632639233
0
3322921807276416
731867486227428639
0
0
557945155867232728
859395446589833160
654555596310067608
810566879894246107
0
583386298789260031
0
0
0
0
0
0
0
151930320811288631
400349118357664066
0
520260186506823216
0
0
829806559145453779
533777063591443882
136399107820735747
6645116333686868
0
0
0
593234837050055717
0
0
0
651934302949107785
0
0
596032754288607507
108413753116527601
0
0
0
230774404439609955
76584732802441547
0
775823365467656797
0
950794907308500981
761809293439066329
0
0
0
0
592934065634182679
839798705967394953
74547697323971531
0
0
0
404710276646121506
81324904993697013
18690380036661318
0
0
124156296595875365
0
0
0
0
815813052699903306
23427277890999761
276586581213694138
0
0
0
649082742829788962
0
0
426848111942473383
458602827022962715
5082163930796665
0
414722228615690221
679794108345914617
0
0
448228114345474643
0
0
0
216051032093235670
0
796733775443625112
363561422471555544
0
0
0
0
474116136565634862
0
639258065107600317
797608143232905816
201789593648313205
925101644666433544
0
547971565985162422
0
0
0
315367733066663003
691597077732830723
0
0
176700877795212858
0
0
0
0
0
0
0
0
137126566855228130
0
0
0
238946740350926058
0
0
0
0
0
0
758137451240485935
0
914079217548515671
0
0
0
184490217612393997
0
0
865972078480845255
0
162829242795870631
458108904907212609
0
0
0
555880335396644060
966926014274472656
849044742549921856
990190578402918349
0
942092458987163806
753861095324526715
682157547553592554
0
660279173322130622
0
787875585825146155
0
0
0
66065930326908253
115018535402874222
0
66873366895655314
0
0
832069775416453705
0
7951962436698910
919020188414142951
0
0
246098405301139295
0
0
0
0
0
0
5637328660850397
982096322377940316
0
820684713088661687
0
426608179471901671
345610693680630091
0
86087277354185198
0
969158309902691718
0
0
0
130762131506251651
5868848524974154
682992240188459356
0
0
0
0
0
0
0
42286501929114271
0
743002720559413147
466595239589964348
0
292040675672255479
797019683264839029
0
0
933808290880943490
0
614080814682225345
903037321312287143
0
246720507940195536
0
504642832680964629
0
996534154762288940
503202675483103950
0
0
0
873235646103475199
632528331436332739
0
303608580575331696
729163195752220434
0
0
0
0
0
292800671953393479
576876324692680876
0
0
1147790775608556
38122826035716150
511300762674908208
961820144158965290
0
0
0
859957829130997319
893208589847636008
0
0
99323005465564498
133366167135779049
0
0
0
997893353633895944
622463303908817765
0
0
243617324319594152
0
0
0
33553058437470904
0
752929576738735544
882350520003467185
168890090563879915
0
263620730837088657
659600039513846430
0
0
0
0
331889582115292471
0
0
0
0
0
0
0
895712225213946458
138064391274155542
0
718155060753444415
0
222601910263155704
0
177184641135487196
0
648814334376493493
823834892485443074
875906540404870936
765730062168821234
0
794787098320747375
0
843572208146467200
0
623029639526267294
744849984751701266
140020650563488517
0
539371613795187247
883894060115404660
563595847884805863
236134590537846395
0
0
0
118482207440911855
0
952029110269221456
0
904492141300472321
0
882830271311347248
0
208404689933918951
419101558616189362
0
257722508695125904
0
268758203639616482
583152172218890629
185246712091115926
701615136062713989
0
588409988637701226
769060761247160292
366866715614026010
0
989292383450831438
0
326229969934188558
446006556064366684
531651350781597006
175809855603248993
215540972443041808
0
0
0
0
0
0
858669092301832116
0
0
226296431757455579
226072026394701692
312755980862482733
916600017364561600
762944592765761463
0
802301688330988721
0
0
0
0
0
0
21446050013894959
824271422277846446
0
0
0
315745520308427593
0
759353628828653835
873190850358879191
0
0
892792334226704383
37501548257718327
649435570103103955
520046130203505033
0
372454378816667455
475738460476204797
0
76460267862999343
5140041957964886
0
0
800206183807606898
0
0
0
0
157872535652107130
187199642153517679
0
813287902507674556
0
0
0
0
0
938082663340280311
672712828750706421
916655065868319872
0
0
360379127900021083
417833587250134236
739868174743488898
0
656490641193181897
0
0
0
0
213693153747679112
868584682236729121
0
42593602531754466
0
160257953732765729
0
868797545667260387
456613922641296492
0
0
0
116722480869167887
132026605157986974
0
0
29463882667686008
509192892534236409
805945908292968119
574123981813105877
0
0
0
724995453790572050
104017875163286101
0
0
916008748931257396
535552121395548812
0
72044640422613870
500991430275536578
834022820898857308
0
495023313875648926
757389948227663697
349331060135384669
737934543412919078
0
468770020370207112
427920109047590636
0
213031140725346974
0
0
417944873513755044
230419815516059993
0
973436095972496804
0
401361314656003697
900823580496490174
384131298701942625
500419989935419210
0
773951924647477306
0
0
904334472507503619
147748996574327406
674199260519462823
0
747968641911809411
626116511506502979
0
25892248743153652
0
0
40798414831453202
0
259314602779232106
427636296332869323
403978920922068451
241626639099571905
0
0
653680575875657526
28725769883016620
864837634415605862
0
990775558245413604
0
0
0
0
888395703372683827
777235728730196949
666211630604294516
0
0
475622668661121141
874062674690413752
670753492282926830
0
0
0
0
298300519434787652
545095054318501845
0
0
853331582580622080
748900630832413041
949271449286317139
0
0
0
0
0
0
228812149464084542
723090105471728983
36351730343117628
551777868440907966
347207759677327453
541098303273794828
626825037502285979
0
234872951965963438
623680511496487897
180003374809709412
0
210079357720492909
0
0
92243430521334620
591488065378040402
265178124937212869
0
878089934966823329
0
0
0
258942867353974217
619443060197278365
0
975834306465502654
754197637921475385
848903823908155257
951893221085777151
0
0
208915743508818730
192309301116966691
0
0
0
0
0
0
0
0
227719167579277765
300408080144172311
739955560384028725
0
0
118268360247591505
851099089811260256
841880522593195931
0
0
682499188405320162
0
0
0
0
0
266019497008155062
0
0
338472496932607233
772817085096560276
813024367261334594
350557610431458897
0
0
0
0
153749286091406680
0
196695504967673060
119082782883779294
181169713904920859
0
496276482244314259
45577239513806604
0
0
506466771897519872
0
816568210000052510
0
0
0
571157587390066760
608046564268484705
0
0
196289816692346592
0
0
0
0
31176920976990651
0
0
0
162856754738500233
0
637090256428972737
296957299524105604
0
374862531709032519
0
19211459516547513
0
523949175710856864
0
13890553016668622
526100034244926763
829837599871270277
0
646058378178254540
475083805284718047
752681221330211740
0
0
565468376569685909
590952421631317971
0
0
531011199898364118
0
915325827372042527
417650606699282578
0
0
43001977540388654
636388210752693062
0
239752306816886888
964374876749663338
0
22180984070933703
0
0
76204922277205289
0
57668924694390041
0
0
530011859684770076
0
279749497114715244
0
0
780159840991180628
71633315214008520
693110488568310740
835331228216549758
0
797701496693527856
877228420153203361
86096816267803746
0
319976855931335253
0
0
0
0
582214508706804208
355771247072806327
0
0
0
0
124750145178538729
0
933386578457118353
0
0
826897955713883033
0
743310222472561858
0
0
0
307729545427948895
726731496897806603
0
0
0
0
0
447328573964505829
0
959139369134411978
0
211061169196590331
0
115010715811650589
448947482743398689
0
0
0
613685439934733139
493841057693456579
769392784190244850
0
0
969485541296019416
279546163334434702
163241260400316748
0
506641404513923931
997059005243167707
257577384501655709
540450852010293383
0
0
0
0
0
0
985144274783670222
49839435504568620
672288141108106579
492899281969659219
0
0
0
0
0
13292147980449243
917859077109495284
525429009138354987
931801316556921504
0
452521364612577386
408817730961502903
525926024833478868
0
473028585435670774
830944855234875164
867109753134216608
0
503688783572754212
0
317845785029552423
72527377433407977
0
339543267177127726
849059233035593157
0
951759336524047973
444775805224338091
324771042795404223
754486498726198082
39047300788371212
904485696924106078
0
0
0
625989875790229202
606641782037116708
506909547041499667
0
170045548019941404
848033950294478235
0
0
728421810737862824
25342159906525708
0
771851121190963380
449316118722711097
0
126389079686619512
0
0
954101861923051254
828287809092739096
9734113438942598
797182791829000079
806970442850702040
0
664992147596801068
0
0
887941823643208304
324384825080447350
0
0
766631206245625303
0
0
0
0
760367149596197842
179406501398108509
959944865577077965
131847978944019614
0
56223197305898312
298061575928615743
793985811832382291
0
0
672648792570254178
0
618830767895763607
0
0
0
811637508240257352
579419543844993324
0
703083832770601052
438700034370550219
332967389714569566
191132287135250327
0
376322302116986094
0
0
0
0
450443533480459565
278998888675713214
0
681992164685930748
0
0
0
657960715391703009
618805878303336398
0
398746659998429552
177788631520809627
705519879656557541
0
0
0
0
0
410565454286088804
959133677402828923
954557867585433003
0
0
0
0
744082224635588274
0
488369834212883773
428943824264810782
0
0
0
0
439765340830114567
800006461440499573
576240315135379355
0
0
0
38694411507235419
917249243138505011
720920759004568978
0
740385459973312470
0
791397336957191020
869979499552167912
547285100627454552
819324594549824095
0
0
0
0
0
479601576197286199
36777598670562558
0
0
199118608385342498
929617221135808174
0
442035422027464000
0
83353261731576565
0
0
0
0
0
949064294139607871
984107984165564367
675675885756265027
0
936581619609360857
202195926631999215
0
600790643554535306
885598632639432319
0
67340095438553979
0
640590118207790058
464074176138679419
308300417714710253
0
0
759115139085283772
0
657721734181926622
0
0
117968256632225206
0
677622515952569556
776611772032925058
388109614168872074
0
292470505918162897
12829709095600643
0
812889450641739024
911309181976135365
714733969142691435
628075015053163866
479324322437756972
34839054184989774
920725654153082472
340309267474156947
0
920225819894494175
0
264883941650014410
217749826417693119
614982791599589148
0
314480342449164360
359095704819920554
503446505685363224
474807221549825402
233992140804485468
0
0
0
0
0
285223650015241130
0
814230049628873220
985066720861620998
379760068598959893
47864180702759914
0
0
0
699083684656445070
331823696814409605
0
456349411741810398
0
0
541228355220163518
129839827945493147
0
43048507292734943
0
941692172287885352
934784712898077859
0
0
0
0
0
968985805696090972
0
0
652129325834210498
0
0
0
775900089096764133
0
309864465528619819
687897844398013225
0
311310824865565257
46474362323313273
434440904546460561
309874995973689838
197077816232375638
0
235846438724832293
192615762681349157
0
0
0
0
863895643941804763
434388611726506809
0
0
612718813568865768
976903975885510324
39730845992595012
0
0
0
0
468550361197889010
557169720232753931
0
0
380612112774655540
0
912059856725394183
153075481450144528
843125209136351991
49241144477237288
0
197300900736083783
932933251384662792
0
0
0
0
0
0
0
745618940513051289
0
0
332730564975322067
0
831706637614918936
0
0
801237156091564063
189737880279836707
200233290898343890
447918996503308234
1185689349397814
0
480656615724166510
388846067490601934
5415024772412295
0
0
0
0
0
687799850680630456
183627674141325078
622373829762590547
13766656157158438
0
0
571501277261627012
544803163051825656
431842853234873380
342283646213336433
333675337309357614
506121472124650446
0
0
0
0
0
524602215041925068
89639874133652522
290228018739252067
0
0
0
0
517548284666395579
0
545987369441360620
0
413253159138452838
958667191990496573
117531021185642802
0
0
51136106063424445
729292184892863964
0
597429255837785898
0
0
0
241078733081505613
981783730756956918
697196155169478636
246588628657058265
290969860325883498
30083551246464438
0
0
745756944240712964
325985641821044814
0
0
718677670602800503
0
781619354662044548
585478428887838698
75243565428567650
159307670486243984
455874180815295735
741805433255026175
0
0
111711857506785650
0
242534721056080227
921411510310413674
0
418789820016599840
0
80538271080579695
671524288328847119
0
0
0
948459097977212175
359498228757815776
419557450585346098
713716351272186712
0
541178475275838192
122605641492799180
917209369562451573
0
144696316803084300
113311319434780810
944351965067626612
0
115661275480821188
803504295355780470
824982130009775874
86255404708038283
0
0
737614649088448500
375214905641000927
410767735201242303
197375202122057156
0
0
0
0
0
0
931301507470204300
275063271838292296
99802842896917350
0
0
590206583860887116
603482152050790043
0
412441257909209227
0
642096379162549000
0
457542013715623910
0
0
55844447868926628
0
861581503431796392
780824965051469946
0
0
782825151312737225
364008342195505497
0
0
41905271624890444
627524535787832270
0
973901105651590434
0
0
0
911105616412011872
0
805223416603807116
0
7854018428198513
0
824316285582008155
840847409981149022
185167894657395123
0
331092176728388244
0
0
0
242103365953175672
0
0
0
0
42132956267566194
0
36677959549939600
0
920587371425136215
0
0
0
0
760226500184349919
145035043025082917
0
518839853239551068
140169415155332602
370346556300132688
910509591776999361
0
0
0
0
221145819913171191
575997041747349842
0
0
167369509045992554
96208908844352079
611990193027836879
0
0
347768702857223431
0
0
0
0
0
924741411744886078
0
0
378384703497727115
390972024113421161
545368869124572817
796374541415548683
330400700288400693
947577037788044953
132017162324958227
0
0
884989033489380386
0
143360020515482506
0
0
611368300829110151
866725702733896794
279749497114715244
0
691607788155908861
0
965848488623155798
456845403131251715
934256531629750291
0
772743797164426522
789690363298015616
18573135806732380
0
433873946748530486
330814897479009791
0
0
811512711983660693
0
423820292811087334
0
0
607016795546077685
153899809811780956
107388487052435646
245356336041031715
235482235690857575
362694812418997906
0
0
634192895555873709
0
231317776186819181
832057353008076907
0
0
0
0
0
0
0
944770601341787669
657900267991587916
0
384300327037565949
261688492073909293
489502549993035563
866243495343428349
0
174949516437146343
545882768923924539
0
867957350400134766
982085619093102741
75045153743075650
141504180834201087
440841593335967386
831814773527579505
553618344799324931
940683120992418608
195486651637875606
0
0
337617161924524611
0
430284727475171408
0
750077074535210339
0
0
0
250003576968624858
0
830192168219148312
0
0
557836964278238671
312433529635089420
0
0
364371856042738496
527449301680507850
0
275617986981563487
0
0
0
320149614677300098
0
0
0
0
0
212807211698732016
52422016781639903
678317184980541677
823000073682645571
0
0
147852581487836820
111622053960220738
0
623633165548695054
0
928481123979152265
483761497712663546
423169006610353387
0
0
432166855445633729
0
536200819215144263
289247784550316244
742048078218958380
0
0
0
933202446779120621
873467409833553278
0
0
0
0
548262563387178578
0
0
0
634400068002369004
788965376999531578
624024945149086230
357815263446134404
279516496050654992
0
0
360548028502746186
0
0
749128854506399033
757434660271402927
0
0
356116457717288189
424941933799963360
0
191191395972082589
30553038338649954
681850728446195873
0
996988040666506711
0
957577220337577574
354551661915251208
0
962351275367415550
804433362281459362
739182004962917730
343192840734915518
835921814761821955
0
519884266154763479
0
128909457179939722
889774568222283974
0
249162472348986660
0
508995793365610354
71102006011883024
335647284919203858
152437423068993971
0
573552454346992409
0
0
0
5401926516668601
35438199436617190
0
722837456303795079
0
0
698809018036143153
374636467749367999
0
102048152334428769
0
0
0
437227989090792109
893044607999004929
0
0
0
735123535450477308
0
0
985289010763247172
0
0
918367711956213900
780484949911779661
664530091802877515
970377130559903222
0
0
0
58515813106674915
0
0
434221771500641123
987832850876435455
0
203111536754672995
460103846499179938
34384610118550246
0
402675883162092601
0
290142816077942801
587055186630192744
208834076292601112
0
681876805679174768
675692867642394177
0
0
147469616547571303
516027615628875189
0
188278333882577532
379467446188840204
571066330205603948
0
0
119895064652265754
221765449559923678
264883941650014410
0
105281322829421285
382700395022495751
34062419926906617
293515418982412915
0
0
0
366122398833372682
987593774601396211
0
964838883910896455
0
981348073977515092
167386097541690738
0
0
469232763945049689
204170096486985302
0
0
0
0
0
45938580600228497
615246473845034000
0
23117134324966483
374453417787840211
0
477290923345434310
0
0
464790897588298125
0
75182965578711214
0
0
654489555351523060
679659116738535574
0
332116328132061606
440810794796311387
312480993093409616
0
0
538929323871171460
497353610800245959
411453574155622914
431309804319684672
0
0
642097906765253731
177567351758582192
0
862087039134212111
375239133765847620
0
0
928830340420491611
616211258127025397
921369690317107730
0
156191681430036751
0
0
700592657732407541
0
0
0
149309991787367214
207038552362600070
210400698885563392
0
494508095282079517
464992566668682524
686943773114541161
210682695540094449
868940960447661241
0
99390481167983748
0
0
195565018861091622
532181883181643646
361153951469755196
0
0
6222882987109308
713650053254805888
213072459329534173
406907891502136636
0
206986884268952381
0
0
157530325134319807
0
0
768303489865636150
942566785299599036
0
721501189736871459
0
402035734074673197
0
0
0
394232640301971857
0
0
82884785900105641
991345708263555581
307458841507641166
39564030570402230
0
878788922030734200
492105412038191669
504239072008153811
0
143862657718149072
0
0
23946772618271705
0
0
0
0
413809667847791485
11093976935575995
0
863080399562458500
917226052077686726
348236290573613905
0
614525301665447221
0
197042118865485010
768185250235064401
0
0
0
0
999801603399460316
52990995459843332
0
0
655426953155375597
0
507875299721157445
470667260293547404
973726741552827607
0
547196575204981342
0
505250491882194489
334940464177909980
0
10248353395436038
0
0
0
0
0
0
0
279956096061891455
0
722919546881461158
0
0
188592028984046018
99392629343600055
0
971672637798735273
0
0
0
565398022499761626
328456759211244777
0
0
92266048568249667
0
20902545775000163
0
912049290394811922
530038682900021593
0
0
167782916075265232
0
0
605556526759835818
839972141624467424
0
0
411467008600338083
797216988565023909
0
619948969268796773
0
0
164695105894709685
0
524624507007504633
693477845065214290
71873454277141452
0
0
0
0
160737987958834574
714829638954522935
0
0
0
984974177297753906
43540059120940093
297780178977764286
0
0
233217184501070323
0
495946046981217682
149119061408221001
626732427186630644
0
76737658326970177
0
0
275701487776778926
0
0
551167313038619670
0
0
0
0
233532998657566875
0
0
0
0
288193335162694619
0
575193778560900744
0
31926712457036052
0
0
0
485252847271716472
0
96793607255831503
0
0
0
379210780983225167
23553317997519494
0
0
0
611713755454780826
84215894621655447
0
7914115037048235
0
362195328419404111
0
0
124430777237964972
115587610177275918
375917685735410506
0
0
0
0
853054210308012122
312732551011492110
894421841869882141
0
0
0
475265064148618128
215792637046013143
0
0
0
0
0
907794628396271706
0
0
474128726704620858
189727384636284950
247861041112185418
0
0
416225085564814812
169893933115017907
764010257000263536
0
0
0
301778164076152164
306476354816714939
293755014248985218
408602887323021981
140809106060363806
0
252695022004131369
45851858783913965
0
451495799988436164
395143650323533088
0
0
605079190044882575
0
950171999345238981
0
0
599317613047120826
0
194919810474303887
610284878283046731
429053887779980731
59329860900067251
0
871223783949640174
0
0
458315076090348654
717985321703203960
0
0
0
0
0
922158845220988309
0
0
574759069542131715
0
963689942500611555
0
0
0
0
0
0
0
0
936835703588110969
795276826527519223
0
359127259204502011
0
518263930895021696
10950012269534544
971672637798735273
231316186548320174
129132740890100229
691304155386218188
634802623142299815
0
571671250857812432
348577918282824031
607356675167424191
0
304879394511560679
0
0
0
376918419948162848
458496397367908885
519143281123297454
0
943158524875148994
90775638101843340
0
0
0
0
743484352761674627
0
0
0
0
452423248275404235
447353773218313417
0
0
0
572612903964931240
0
319194317221906356
29463882667686008
0
0
472627792054252057
0
0
108208989365963621
0
706492624188813367
0
0
0
584913902668492374
0
278461726361461483
0
0
0
32708061430866648
355368086190941566
0
0
0
0
435236512328545471
859742595879329982
0
703918574123912744
26819902914448958
0
811658075344644181
0
491211676880196544
203291577628450313
0
0
0
152390182703773672
193293951450831713
0
0
425472942718714970
0
0
0
0
0
888503658709263482
406680525505650570
0
0
0
556525579652748153
0
610024193593426793
0
0
905059481361788461
0
0
0
0
0
647828101544904772
420953589353840155
198026509907931113
698791960413789986
0
731044612877981340
944548263610470013
0
734640711044752186
606677133420216092
198043825646672266
300017128895556632
408897746373804310
0
169833324691739774
0
402327457327725843
659917219419089973
0
675116861249269986
694060556211413189
160635950421741769
704197841589679682
845385548756483332
0
851333152129566725
973475880569197153
0
0
235939366804773862
851074369643085096
565985354590208400
317749133893269062
0
0
0
0
0
159260619184974636
0
672897359883640473
303722357669352162
719560053191718246
0
702117946679297574
0
664657352523165690
0
465910761750599064
586808944713396853
653991453419893449
890711083705178443
0
760339922847976384
525986489173054257
753666440389469522
0
868953435533196722
0
0
0
323799055510664611
0
953072746175838266
0
0
0
269048019231423928
0
0
530595463290974376
0
177006246843147448
0
0
0
593561231042590321
646511481747234467
233038298098140568
0
0
946047537206228634
976986871001155591
0
138461865307760104
0
864059061286057165
0
0
0
306821984955358467
0
0
488738098239069441
148160585388732406
0
0
635503732520025728
191062075573880832
809378597091464170
0
151046905683800554
877059152871166578
0
0
0
603645089799952845
0
646009012716070545
285212272181055336
5950145185602679
866945568236758393
0
46597380306341677
15473335945821877
0
887002047390132172
0
0
0
0
0
107382154441862128
0
0
468729655543474948
0
0
0
732942149948855158
880366585710428867
791406567711515361
981511003336365839
0
0
270099992654949581
0
695225613727086219
134219039089153957
941431365081683005
118296579026442112
0
221318543892103199
0
974730710797682619
460367346220299241
576328907726958410
359148170162979574
0
884764388315954085
0
275208921293502724
105629339201945692
0
500746185720768083
429622509365670236
719885670895138376
548983306898977086
725811489912540273
234510422052760682
0
540199949692405104
902102789181787560
0
390217919476573729
0
808193714994416908
379645446862313342
855071583940926914
367661534096491443
638628939119370185
0
26155697495750401
575760246326883021
0
410155789073973753
467168328127535083
0
0
835454247763244997
0
41966455782670829
0
78455388589894881
0
0
103671491194180300
678400437071548008
145747186871773583
495358546654034952
587282568911481134
0
297909601103533650
322477505416281007
747185235862075143
0
0
0
0
139292029295488789
0
342298314245652918
231364962371682467
0
0
0
573011995492634776
131406006802259260
0
904492341426206438
777565074382758686
0
0
0
539680651122611276
0
837059406535787368
514031783291491199
0
41597267557828407
254622673649991350
0
0
0
9738208914929488
489609916983425602
0
151959178666803382
0
905889104809609548
306893862751547404
473617047077533628
0
0
81015329088382019
262630195203224462
0
0
0
0
0
0
561686299083463981
712543256443097244
0
36723265849550669
764396899896758334
126034942118495416
0
793108079909984125
0
420498557927684830
557484712380042224
993733850314478763
610371086193840484
0
581165195571721018
734038809157476257
351108129558709526
0
0
0
0
992119221905066173
0
0
0
0
0
0
504076296090015491
533124750136236781
773561141979109728
0
0
578729158005477195
0
900548422446193925
974160002762463959
417936029133800489
623069816132745653
0
0
0
0
0
0
0
0
0
0
0
0
15398234720897681
838387541262477206
111171133977216383
843191672015729261
0
0
0
0
0
0
0
724141875581138198
51274301283725493
0
0
797019683264839029
213272228477121267
0
0
0
724646698770364622
0
0
176376633109837919
423376716834548934
923464116686139243
101657858216437371
652365268403255133
0
0
231628449681776125
506827122132248208
190918565497302864
0
417444831466275498
0
0
592225537240216451
0
823294068985454137
0
848832804628297391
554779469408057021
767926268030150393
869673537370632385
671728218588706154
0
160231776503775847
0
0
910055716389356329
236527324054078904
422751462533747894
0
467059200290365355
0
884652745858563200
742856636135405996
300527744033157828
0
949822768735832627
946808773729567387
0
207044613937472484
0
0
0
0
119598821501218873
0
0
0
0
154125745152635253
895973621118597677
581661462169740969
0
51302589054887570
0
734066483982523784
0
0
124004194719636443
0
0
0
542479912838439683
0
881165709392499783
0
0
482403425118790640
880072133649655251
0
553586496253857602
0
306113119271969505
0
623484332329295331
0
0
743720372775988890
770221948207190411
887842796352206646
0
434956419581531503
0
0
321845706177564243
37622825160183942
0
0
434202466774583192
255485943383534100
99612209072670927
0
0
163401713650967946
0
0
315353060472514885
0
476365654793710644
225031076837807638
79946634403674691
0
0
0
0
297747200308430523
957055918664058733
259769239178874582
421693528762969895
0
0
186771253418520140
0
0
0
401782410628592361
125269656373602951
302129075114418971
314013906347662463
477081245570761367
0
703596273345972145
0
973405129450883643
0
684502387548659520
0
0
124848281489817355
0
164423611032896793
0
0
544812717689928287
578693201454320677
511366416947577594
0
0
0
0
0
0
0
0
0
261852437319098548
0
0
679853562920094199
29919404844370254
0
0
958120845825851667
424791259826010101
0
0
981376309606095551
879538372341301169
792666312277151583
265051622062370208
0
177055339275176669
496736308987619835
0
150894519760841022
0
0
0
331563307852344699
0
249482777179251843
0
701732060978405892
0
0
895421857631281034
0
508019866348448003
0
0
0
0
0
536754109697696513
673432925251470219
272412484993674215
432671021547547342
457931255598124835
692457033812718943
937485085077136991
0
684355494978936646
678190500803827327
0
317770885115462203
0
0
0
812196395374667122
276959271365034278
0
293277465593437855
338575921878031109
7717658465345631
245173250075736229
704547700781172767
0
710886322888969449
0
0
0
159623017187110831
0
0
0
0
803289813128359938
650607667139154015
710007363554947064
0
0
244033983368260503
505679008392365952
0
32760395209529106
670407091092714688
0
0
425852436934641574
0
0
0
596175569070038704
0
0
0
0
0
267040184551639323
0
559907440887596352
961362551624459481
307832887531712690
0
81011540396251280
0
0
0
550575559638933608
461528278321313032
172314892993236644
0
0
0
0
573579594409132890
0
408863319353905357
237762682898735308
0
682431026793460147
0
0
472093447217799460
733228488173763974
0
657181684619420877
0
942567054300797527
786791815277726601
379146898872219466
0
0
280804802205817230
0
0
0
0
0
821234593181382665
660234091738244700
0
0
0
712032163084840368
615207132229538932
0
623902692678183414
886132231117328783
0
0
0
809109449019633498
0
0
998967090708338880
0
864070383113505623
0
0
756336180658339678
0
0
567115242141012362
0
0
0
801571845812993657
0
0
0
0
0
0
733586435957924381
123113428560720080
993457007110997758
927362301415279419
0
783151767990807329
646050376905711619
0
0
0
0
965448054028904405
0
0
114290298353450302
0
0
0
51520043792721711
210837040663677953
644998528465297954
121943485281891459
0
0
749711124067300913
0
0
16467451876875363
0
0
0
0
0
0
897024909540806835
44182550493731053
905612697346266034
0
233029527050959860
0
0
0
0
0
148041195817146368
0
523119942949214015
851130849639588366
0
83980077504392872
989432816996607736
70137270796828776
0
0
379335541917853018
0
0
0
427354732084385997
757412313414777537
0
876024900156753016
806922068090537544
674799540013839670
42737393573463806
0
217803281363343093
0
0
445122718092215777
0
363012062072803818
634831192403284042
430392279172275236
60419657597318157
214862613092348026
868571618059284170
483951674377776372
368450152828949291
441355057039179591
0
0
0
739127071177934612
0
0
0
0
540558730712262584
0
202864816976681715
601802938401636216
0
0
270411095082702981
773107221288329162
997274365169716346
981533454205514853
950042800137891452
0
0
360321979272891535
527424990997820138
684638455299035270
0
944964830805076220
0
0
721380902043176651
0
281433086986697755
0
0
335683899504964517
54999335450015640
0
707077875313720474
94521263805865078
383844731482233767
0
0
616306682136835695
968446497724548854
757706265622372795
0
909260802706940687
0
149757482355040654
0
36018024940459782
510076694644660036
0
599259921819280988
0
819436706060092079
0
0
123725512235316973
0
0
0
608352938014628885
0
0
0
30067749581026759
0
157155929566459233
830616553889891203
709809184114715542
572681601774175769
0
0
412133708378793244
25846977440878192
0
0
95764932512398595
459041933540362692
0
0
0
443506771310557859
736993280629723136
0
0
0
0
0
0
0
0
0
0
281649056750452589
0
0
0
0
0
230068882909172607
451995368369031887
614290594593293274
988774896142547769
0
244113016883773852
0
16605995167943554
0
0
0
636098604167606240
990025120131795377
156652384614303872
0
478346407089493642
466346166777364982
544573931847457118
0
0
0
0
364008342195505497
0
0
113513768777484104
479962147309944292
0
0
0
35479878008489240
526828812243727141
0
488317002609551647
0
934962668273426555
0
15203283495100548
0
732484383950805437
53290361831412042
0
65438986587208237
0
0
996450495321659053
0
240051650290225530
0
0
706880423899081408
532189471122913437
0
465910761750599064
800671756549321567
0
0
747331067893859139
687233488119214024
612921511740661329
0
525505909753912981
445804732009249092
0
110893761749665572
0
892688427243109961
0
0
0
0
0
840230821723301110
838888375702845696
0
903049418387962207
0
882575870706219066
617770131262492601
501135578709289923
0
993781343687223831
51776913937431304
175655888319531286
0
717730418613301346
0
0
723412531056718668
45470165338347088
807452138307373692
0
0
808954559092729747
735063112991572658
147373457627283139
0
0
751757282188199320
0
156166941185539767
0
352293863477932131
0
0
0
0
0
0
149436444286323289
145229568065898195
0
586162103262663711
0
564946046548881015
893395272937510395
0
984010815872557066
0
938487912595607986
674646561072626405
0
89017387237278745
640264907368769586
878455557998072434
893085967074964647
0
0
0
670875564089399403
635949766612102946
320503873446180234
21807746564438525
918202387348551127
377907832913528186
0
881132430713283063
987580638262462585
0
0
299768287712278360
0
981550939312807951
0
0
687048705076097896
0
118459418220143985
0
651308277120699613
0
115661275480821188
163192988379044967
480556462484851825
338594076432180751
0
0
641768119554451502
0
0
0
154057287349093127
0
0
605959247796665557
986130208373586800
957720535627988902
29893242817434229
0
0
0
654566297117428010
0
299894255761890350
0
429717118524804135
967241804613587327
0
0
442778437175720953
0
705289536608985036
340752035406712890
0
820696513431718811
0
0
0
499477089105831863
0
837921333046542497
0
74571654938470749
0
0
0
0
0
0
71141724391795933
0
0
250223289551964033
0
180766699178352759
843353090165669715
584329457143736321
0
0
531731076101469791
0
0
929592869807924168
0
174868358133493614
0
483760744781475186
0
710594019439387962
0
0
488445016504902874
0
993385765651873209
758310256525187231
0
383777234042675111
0
0
0
217518185127952862
0
0
0
0
0
0
0
0
0
422961238262689405
0
0
157626917493010760
0
722743801138116538
701126670063819802
0
0
49310506847298664
851912409661911164
180477032350510925
587400056469358744
335040073699580749
0
51734514469880885
396794287762175945
245700014697778877
366970768013891250
0
0
0
720227075269398070
587902955512632634
0
0
941923339058340110
0
275455718882874069
633284062797881888
741883154414032920
631167122162304797
904657692491210634
0
941889928497967154
0
406405814366919914
0
437206101161807108
81292033980707882
174472614879071039
933311613604428513
656303511357376719
969150676055273984
573064183218026038
0
0
0
786300721249584295
0
214308371235013596
0
59078844817957218
0
419961771837106538
394354634260271300
0
0
11916775016634877
748843694833392361
814963632111080172
0
0
316346180458876858
768990553076214831
0
557304633850537637
0
955894016783973914
995628919081488602
0
510555740387083595
787917969608147602
0
21098707776419951
546667387115433860
354719375645299077
175062019716904284
0
0
0
0
353137668310487276
0
416789744121993329
0
0
490694763740764335
0
0
0
495716103883963746
0
0
0
367788069325937785
11579889846350476
875186953805181933
278754714848109799
280533520353107732
0
697550167110576204
640721857810269101
0
0
0
750830073855820749
607372788118215876
0
0
0
0
425852436934641574
0
529147605490805506
0
791866731135059745
170612965416656832
0
604493959046580234
171014806843186404
0
654782794378491405
0
965795290964039123
55916774940539021
0
851412376699162782
767926268030150393
0
0
0
368468600430724321
0
0
0
301612127812337931
0
0
0
47413921215719265
0
867720164558919461
0
502105207428826134
279691686869006857
0
0
449187735050077965
8952611515206864
0
344389804187494068
0
0
343336111282390850
0
0
0
231853407185279718
0
0
0
874033794614678142
467992901372191392
0
757703686110940348
444935896649147072
0
0
187324767308821099
0
896450222642745839
346339605864532088
658566117448023947
979836181927738954
145976816040148045
92557544792285546
0
0
959033154539384058
0
0
0
0
776927331981173528
0
110813673899228466
593219427230312443
329024411361210827
362195328419404111
0
0
768981799421468151
0
0
0
0
0
0
0
0
174353017571084521
0
565438802617713595
0
487921868958502160
0
0
0
0
328094814539534299
359446879356050360
0
345848299390994495
637381782000183961
0
779462970059380292
0
555361939214389916
564040658677331094
0
0
594624705277468908
621629606857669380
0
680184681028784875
619057465822484765
0
361973901227188728
526740074797841209
989732912501859389
0
490921499307613960
521445413300123961
0
0
0
739118242561391849
0
0
0
437227989090792109
902333443037747091
992260094884896982
318049134326414147
517835301628005254
234510422052760682
0
0
314992446937756275
0
0
289452415554572893
0
194387608332365260
0
0
0
551180312377077035
0
0
280859123216135115
0
962457933303470061
0
659381315580148436
0
61249375846223592
709474944693902549
743340704845769807
216025051982880387
779374300592293152
837304432572955843
0
0
0
30745305733202838
0
0
740457214163555621
869234060006616800
221701718516602665
0
0
931020837862702157
0
0
0
0
0
0
968955802683397061
548508032792290207
4277734443952755
34033412830375863
0
0
0
209227011012454071
0
0
0
0
534523374379800513
0
752536665161381847
0
0
0
0
0
0
271380071708834941
0
0
126957843609776286
53449746396263470
0
132807849836077082
427882384012401205
0
0
0
0
0
0
420953589353840155
0
759708337880850442
553956696138723654
736747285925156346
693354690732176234
520796536496865101
477954019087457658
940739395779326449
0
0
0
0
210840707172782130
216888692130243475
0
117330527269554785
0
141227002021596121
0
731113706001616757
0
0
277038270737614170
17724085675672996
0
0
294980148421727033
0
61938910065730271
0
0
0
0
0
0
972259287655105263
473081611426005137
0
319609119221286103
0
278565299687768881
150111942892597773
0
0
931423132514875240
0
0
612298457555463816
0
94953703690725114
838772520099040288
0
163651024679674962
41997236485754274
60838868372150343
486341328335290844
0
0
0
0
113047535347917908
0
333719621074291716
0
0
700953533874354653
0
408125523754681239
0
39649311179397493
0
590022043158374643
0
0
907081814797716382
0
156443814081288985
0
0
0
0
0
0
979000898764270367
0
0
535000951590062909
378105159560341905
0
492544126087377722
928021463197790643
0
723462727142753974
210566899877350972
0
562349916030428061
762005212433815638
887266178348275437
489043528084668955
0
393848051696728486
0
0
0
0
0
0
95108048117360944
680977775677327365
0
378941837089969374
0
0
0
842907839875386277
862860227726677666
651772888923667973
703835495474665628
90118970385728631
0
681571540575956770
454768857917372329
95936405966690729
486761392279674709
0
0
0
168795499318672442
0
52132697206522033
470881237876773264
0
574138280061736210
0
171807473114246736
0
0
953722226440273038
0
0
663403261025585582
37723486583610398
951491878844325271
0
0
0
0
698986405732136572
0
0
0
0
0
0
380104700806267039
0
0
0
0
456959761648676626
0
304210739026753352
0
796465909394012679
211479372367543427
0
226788247456586648
459711730998134507
0
513696950558183113
44215745668105858
936495665295405254
0
981142006959943047
0
464987557611861115
73544580676646993
626576893976356763
0
0
0
759571727570836740
780603537322911856
0
0
0
365263471688463348
0
896951450438573345
341772540173905707
0
516660063607431758
678810361877158971
778464801961212120
0
0
486976725570722493
213955002168715176
0
355110263216188664
0
372644029653853458
488610402616360044
493387462334550901
843639502098990291
0
0
0
0
528871721897297982
0
315202948303419263
0
313646963864478662
235634507218311103
936660488857974403
839689419482304018
613141938702319115
0
695539542878488354
400351774748286285
0
0
0
518355455989339043
0
130728594950341135
0
0
56939628967995303
0
0
478865635510706553
165198247758975859
0
0
455816891954861553
0
0
155911380155609592
405531572186104101
824999138920642159
0
0
0
0
631636771848911990
151959178666803382
0
627647259536206304
0
393571006541589807
0
714016546407871285
0
0
0
0
0
87829991538304382
0
433789704177877518
187968535057625095
0
956175460591578111
683098449963874347
0
746271322163928010
799910553909628504
0
0
154946639109200034
0
0
674721309233393202
0
339694517617459532
0
0
0
0
399825362393818595
38601841912437491
0
0
0
0
1852948606607312
192078771343810328
400826451279657574
615574786458259734
506158587245730101
564027927157584765
0
875522465267948701
0
494218853570838637
0
387033113716975508
0
882549608222651634
680852711399448753
0
367077959848438536
951014405601338550
0
402863341861844240
0
919513095592755571
0
0
0
1767469126030959
793846826393201272
606091588070293338
0
627827954184898274
0
0
0
956413710936843112
329897316379863374
268848327004471123
726331003205916402
590546099297327374
0
0
436715942489250030
0
0
0
495533372421211513
94478255188058210
328743501028133184
0
867557020915560199
0
869228030349484095
0
0
0
0
702401735351945957
318448836208683596
0
942054703880452391
0
0
295675203710417353
0
0
495191195604902388
764133261545366497
901368300274132388
920426653828438928
247019388344361433
964089671751453226
272044392127917566
0
0
0
0
447949091004056179
325587875057929810
433852579318545032
0
979799143295628308
0
0
542544085312209217
0
0
971647287552047881
0
606326516128486121
7392657069519818
0
801396333293903059
681535849891125716
0
752866491466468710
0
0
0
0
984026446771839401
679035358727622011
374960029949895956
0
0
0
865620760063812414
0
842970469286596943
403798463013202299
174949516437146343
871189074441328011
0
985895302122347661
0
0
603150060668746954
220537912791681114
106902174157937428
0
0
77878664169830852
0
451928404585382145
68903690810971606
0
0
0
575099573760799560
567810214454898553
278659939265707689
0
0
165570917793387281
521354241577173153
0
0
278926420513015435
74477175389428219
213247878954176328
0
0
973672483820774290
0
0
87924766409616173
0
0
0
0
975521045959994733
154291475167824221
196618779658461577
0
0
956706814945672366
0
256169917566223311
90050705283075998
932758086033109610
296636573876589758
0
41976632522647576
0
504298912320652854
0
667797016622471653
0
633595698332859791
0
549380922408103795
312585072281763218
0
329302335579572928
0
721421360872083127
0
524994505595450456
745023555107462884
0
0
895075743575157269
180425092654624368
0
706051154844118458
486783720672677609
0
0
0
0
0
0
0
277845560889530721
828444091180134822
0
0
0
809201667380690143
809259579104013136
0
0
0
370279704782347113
0
0
202802431763865008
0
0
758345508933282228
0
0
124452356618366335
0
0
439135963896177444
0
0
691967016187138306
136583037250484880
0
0
0
57190789893847422
256817727843899052
116710029959638910
0
587234599846535548
495267180287891319
478170174903816873
716530469771685544
0
0
270474567431572292
0
899282079125254403
497904381763251627
0
0
0
0
549015768944818530
0
0
397741475261380954
960530633917889818
0
0
18872686799757677
0
0
0
0
166351850438560444
0
764200564868949781
0
0
0
0
786994531343811658
279495417798262442
999756464150485936
0
0
956228604709549401
203837240312264412
450736485454424781
0
75488008230856798
394310338547052773
512587214764735109
433741871907902954
0
248632378932608873
728315091193977679
0
0
186767389766995997
455393479844716896
0
415596697236838686
162568925814176901
738565472702276125
0
166186040842949892
257848917160157140
324887922895420028
75067612569128117
0
6462799479578032
0
371325372444463484
0
0
0
560276121475899162
355673489400496797
0
646056489537766117
0
0
163910334594985863
0
0
809020785235294482
662710643828023769
574480054218443294
764210963545916245
0
0
746994974921061652
0
562863795860077990
0
0
122746753621964046
0
766287687426506783
0
0
491631530007771526
42974389929191138
567022965441367952
0
933503758106680692
0
0
0
501804453405523791
605109208822410043
0
0
159238733541526500
370523293666767641
0
0
0
0
0
0
110515249624364822
0
797358669091115105
531694114186866535
206664820209048908
0
0
900048553959971066
963593506384600745
0
0
325692188053868703
295258092185805806
0
0
28612416550199499
0
0
0
0
0
0
0
2498844390060736
293711915829228655
0
0
503400030545812194
489110377182249823
185573554732144208
142011781830173804
232926332323658702
0
0
646306108029298031
0
0
0
235866830347963655
13225471701117442
896622861188504048
0
447166132178626395
592395912857750657
598964071299942136
0
870352101571207546
0
632200559031041095
611507799781587871
0
0
940454124871858374
373103295930173990
0
774382220330834019
261241541116815296
0
0
227045854977242245
0
697723662534081324
0
739765713722934632
0
884753974881022940
0
749711124067300913
0
0
440727624682647354
119630646697539804
0
460455867773889964
0
36560402013820482
123606194557109335
0
270560276877145018
285980505322558824
0
159227392025724533
688184122121684339
0
0
171126165002086913
315638336471940450
0
0
0
51115151791411324
365688791607632705
816998666475364285
649192597041393274
0
0
351754841196114248
0
821423861285701277
39594979720124998
602478711127979223
0
307032320165961250
0
266947644085642730
0
280970677047063357
0
222800454551882870
181536308794480197
0
0
0
459956303451840818
0
445326766394670085
849588151078979675
36285957284879059
917360165349529667
0
491961671786237805
278659939265707689
0
318627114153604040
0
0
0
0
9045866597890438
704509012328110794
0
954551110144227033
905444788190101288
517068272310443088
0
272646075560599009
895547285134183819
202906998118528067
0
552498432440805390
0
0
0
67466626492334320
608897107632427830
0
952720289872060520
986260465147987005
369193650077845802
384802161116344808
588303430910288246
802596127458303477
253973541285455936
279145351365509713
0
0
0
0
489808753992590286
909159506074356760
0
0
482403425118790640
369398920564949799
0
0
754698139611500398
144273977179235548
0
734341439360706582
0
0
733092134591743461
0
0
124517789606024121
0
547375666575022312
514031783291491199
0
0
803553857492620489
493822105146335671
332293344675533377
0
850774239083417362
0
292284510278930368
254291689185163908
0
0
0
850040230404217827
0
295551546670179713
0
160638609526072035
0
595623006569135746
928334439071581606
124599809324715948
0
0
444028411317784491
964126559535085070
873170784311241354
0
933460408242124379
908724701791995857
54153373477337847
0
0
98493386930858579
589942011214969564
800152423083935710
670793714282896984
155409402219017113
971510223328612768
663939026569307796
674739162251077843
181528939313933296
658964735550144598
539470013258389662
0
708358256126040421
0
0
0
0
190935863514881723
85440276707971810
0
869979499552167912
688188902772426337
373862601077902004
944962295060835711
0
0
0
0
606449358014210149
317075854601704626
992205263659316626
533823456927018583
0
0
190918565497302864
0
87833302082478415
297008931413787327
0
11738462667422763
92223054763584418
0
966475950502684434
0
145693277461396952
766366868427425462
689138066920901341
0
149182741938842758
0
0
0
149917224972462951
0
219255239179550075
891646464794824113
925340255343296165
0
175136442355648185
0
492774361036675450
131932993306547332
785124369013343416
0
692636240043686643
13695634419173398
565071751146720212
611961652837700843
529339934488091080
566202224022476388
0
0
944782484772171179
341772057166537554
0
209802590889817929
0
307062227844158402
0
0
37073406583298605
0
0
0
20303454322690866
811724714010963649
587468958279714531
543391748549838284
774430895951207935
740484171875810277
0
958261419066166085
841861436592731833
286191209406879091
750996471582972967
0
0
0
0
0
893953826520507329
0
0
196225661381066996
603789568929339447
249740399257933840
0
0
676942343471053689
104295219433633498
249984939009510831
153655771012874911
587017974587591840
403852947847897719
244728697172701113
0
0
0
0
0
802988435381354945
0
0
0
0
0
306605710472816289
928118774223051603
626375078859795000
0
275718277682076896
0
758067569072770574
538818616616142266
636446308893597947
452822588250051903
0
303394424876717606
0
0
350433400598068326
0
966737257753328840
0
561377880648659605
56502728040132860
341132257802992325
0
199455428227051625
0
580841382435435360
0
0
0
740760164535578635
0
0
0
630140390363253182
0
0
0
272606353336906997
26386424353789964
0
440965756017451658
0
0
0
794135156658959085
0
0
608413140535178763
342452244897666097
0
522062932621958825
0
0
390879722490263226
0
0
189103760891748097
0
39330452685500872
0
0
865530314710079187
714850134056151282
852747761689817967
0
0
0
15104583531216328
675899836365836959
0
234775100297928007
526978533577369930
0
115582850723082008
226545761695619815
998111361208214289
103833294914148837
412970565544154836
338206101614563796
652832066964767850
176725473534647577
331674424814721653
0
192888548574660273
0
0
0
242822875965234744
575843995390071741
528829380487970280
48405935745987075
0
0
0
151946586881953387
28425773750901916
0
0
0
0
86264676662678971
0
617675198538946971
728852119864030590
0
0
0
0
815465213669493242
52087271725530177
0
0
0
337236674969408511
48488108264209706
447455413879584738
0
0
0
0
0
887758810146165848
651234654671536319
0
774070048239816420
12825960015977233
0
503489896821568911
612134996735328197
785050119673582928
0
0
348459928727198174
0
916347599845070043
343811694627615449
726682836602004305
311011953429363083
304187860186404479
0
524246405467076921
0
0
659579917863294874
328345733706410751
0
0
0
0
756560978965015489
0
0
15971920649192714
0
131922421554555643
0
244553455177593793
191622216168208353
0
141930726452150074
27955211923862163
0
668268539978950380
789200195577064139
240541884640623431
0
0
0
385188970004817007
0
446866363508528820
0
649458923497286639
0
0
595595881855558299
36829434259570836
751592398733473730
188145580382611986
0
0
457635015459498333
168266922806140192
0
0
0
0
789161924834239294
550604519902129878
0
735761565987966021
444937494939575513
0
645477840367698128
180305275941429496
861950862366927043
0
0
849767771119410646
269051088526448184
0
0
126829332907844498
608199930260752076
754519335467763726
517251685374020948
591359336333817390
797655882949164659
251164902558394384
700426859065577582
542265679617289231
937336880177594097
731961271374472518
473253446374311470
471817982657466045
131136165787644039
0
653767700538018989
594709079062944092
673705447423066029
202864816976681715
0
704084693185147598
0
742995387778983933
98299756505464877
128373547078660163
0
333502742791614118
0
0
417867313004093203
41734709985686072
0
653857506644334559
0
0
842297453433906777
176987074436100192
0
0
759713323455838414
192081672671165271
0
0
977097501323356885
0
0
407159107385161036
0
0
0
0
0
693635895007020329
0
0
522593239280378312
0
779050593645928902
0
0
748696234101637128
0
0
264897156441148218
0
0
168114724481014686
568607288962665242
0
484165282736649861
484165883889563810
0
8446535068095179
0
745616858749465262
0
0
0
0
26475696907542635
0
900603820580644166
260314805927878552
0
0
0
417202622270802405
0
0
784780113466382116
505050825235081301
0
803492232906549507
130569937276598774
877228420153203361
537238020859380139
857321707656542266
0
522351886074522249
0
491092186623556795
11517177852488497
0
428802302364382236
0
412621380913756301
469730708066785846
183641086549141218
0
546129782427877517
0
749183175681093895
0
772885117693365588
195749021938747598
0
305710441993503582
628946975704671895
390867102355532285
0
461325247925247052
0
0
20590292182847064
267714724051049049
0
0
76731423713506600
120902899987035610
626096845833007367
187215330801913122
0
628069422821490125
0
0
884652745858563200
892315249085992107
0
0
446266171300227516
0
0
0
0
493971078596332183
0
774674406233863872
0
92240781534115643
0
0
318817639974110435
0
131278828559717438
557850520115389676
0
612858702871984335
466960892945124684
488907525009485468
915238493171192026
56467624402326473
0
450892875770313049
537613317755990214
0
0
370277778184666042
890573529568289152
0
0
0
0
0
358251153073315011
643242034883677725
719773891712097406
0
884558051068820154
160342182805231538
0
700858407338378931
74460259749086938
397906893866357694
0
326833621458120602
876110907126853100
389638377089027389
0
0
741059549806958732
0
0
5379112364534982
468043422407212688
0
0
0
977610403809808812
14911098013883221
638670158339861882
178817376966985647
0
531694114186866535
754559561579948542
0
0
0
536982168707062774
0
860672835282241320
95252598367068598
0
736663931510280164
247662478987466878
0
24127692885093207
0
0
0
251709242417076479
115725154186669440
210816048096334399
0
0
0
0
0
0
0
951687859320863306
367073239085140879
0
0
0
0
0
0
727285944390668061
0
964562237471070390
0
509189421381933438
952734923286519110
612055633374948279
0
301860602835903102
314294894684801458
420914195196706064
0
0
0
705836279536422985
0
7455940657651736
646959620645427914
678091820038324413
0
0
512685170456483679
131303160177816538
0
0
0
0
0
0
0
580035964611619157
0
742378191085527598
0
664542045945714249
0
338143212081372602
256266698138340047
0
0
0
0
0
322368943479553102
0
442075072877960665
0
0
911105616412011872
435290357249548467
748416419932569890
0
696358470253393513
0
193151218754457405
0
0
0
0
617081390078684703
0
615361828259802963
0
292540248597556579
52809825906138435
0
0
67725782289057319
965520271973791819
595245938655431519
0
0
482266326881235749
556594955283395069
608415716814309173
0
275681950446356407
0
0
0
0
587027945925789567
45171194865077897
790237341006967974
624531648336745831
844837840462882784
348665870047132832
0
460686189889470332
774866501351829634
0
0
0
0
317615124948212391
0
530773055237280688
0
900225575173159453
0
0
0
0
0
0
393583925772956644
0
203170591398219205
136043797821448235
133612478701568220
822726551276199618
791806679307132131
262511270596348938
360696721320879490
542815708949521657
253794289458869726
623493830628786978
478170726785971353
0
0
941692172287885352
0
0
585559324267424255
862766304496202354
0
0
0
562694704167986838
264844354738312096
188278333882577532
0
404931524025501899
0
419223945865522520
868575598835217782
295789959281651759
39853046055876220
0
0
386678348193428416
0
705303079013501640
0
362000550594230666
0
314015803715151070
0
721225365486645182
0
840087770891849505
0
0
462537988835107966
0
507735167547920840
0
862100078298467986
0
0
0
308815452180022877
0
359148170162979574
0
788216253302200935
749409292177433242
0
12860558093782304
356472907791934175
0
498448535705863965
11622124167641525
416364076485758896
0
123430849668993467
0
632598226046968242
0
0
0
39096614356264237
368370089965415170
848614590780623403
0
0
0
83726017942968542
0
835413522623084190
0
935378963781960753
0
118125506054543398
86260261102565839
0
0
0
0
903717168521086640
674199260519462823
417454297610018951
403253720344400498
49363086825729299
0
0
0
0
911990410843672647
0
0
938418192040932992
0
68794851562382454
0
0
0
329942947459734033
0
685365365122011801
849378020585336199
0
268439873326253513
0
0
83384181812486169
187331463923769008
996564443506508496
0
158759191068143359
0
883554195131562527
420124781897816005
940122761961981190
734963585675591195
0
161356201283299618
0
1933605083260661
0
534240930020436096
792769506071228140
0
0
294987624991792717
0
797186778863827080
443747322433600690
0
795906326699498106
465533235969315168
0
0
553253245156362238
38079051491123773
879782181300310299
0
0
0
454192123930732408
66912924974228720
861787096185727567
618903455384268925
0
0
0
0
0
978953535766443507
0
0
701732060978405892
43747271954897309
0
0
0
0
566797118265144270
177610298373831706
367560544809618603
394217207223274938
534895013258988707
0
0
371238519255891029
0
682457980172993925
0
0
593102198832133850
0
0
340298069360582594
476783921984226332
474536628002968304
0
0
689343035546647648
499221746820049078
634458717518734694
0
0
457723768745627859
0
899023986736209160
869451081715894328
0
0
0
0
0
998300107096361883
0
0
778283028619020131
770895251378543655
923217004361717918
398077749140414077
0
0
796215667004636601
215553548344998787
0
0
0
17753199912513085
33469307639097612
0
376528201130760362
490123367317831650
914748420525607209
276340693303309458
0
363137853250564070
4438499448538610
0
0
422728933105385214
8901217975973142
0
942687541878602719
800410556600806799
33305323134926256
137673931142276914
0
8096025029111098
0
0
0
499392907694844920
78695564802370209
0
0
754801591329581642
0
0
0
567311882286679875
430276980631213592
539853549125648931
524960610440597712
0
0
69020117392340902
769838188870585238
593072093492332104
0
521857562484105420
451308984635858756
626997747199818256
402617409115278044
668294200644128426
0
340645928547973722
696429964688566299
0
465566129976879606
0
703512375193856551
134291643407146374
7700506708794892
958157887826175613
580402147196672765
654847539543142643
0
861846293131794254
0
0
0
624953484817042946
0
0
0
501945254349005071
937893561531400370
0
0
0
665362295492145951
0
0
227192702187967074
0
0
0
0
0
0
451795247080249504
196452222092657112
113568360265127757
0
0
462469418295886191
0
0
0
0
0
0
914203817596118419
0
461068127057199875
650516579497697681
0
0
438223908280786021
929726667776118959
883160744391044304
550664787071578316
858247885776208319
596810718871921497
376538842234580254
0
0
0
0
820529307107450853
0
0
215524786980340688
624923716905749916
967477939987992194
0
0
51036216544799831
0
605878697808299700
735819458828126093
0
0
603630318741990791
192145209454782812
58218617113068129
0
8252921671691239
0
0
178236239141737389
730710431612753
660389618709257521
0
0
48309430888519247
0
642904487478021444
0
781149476887207539
0
0
0
291168275384126848
203328553972679547
696600577916248836
0
957850183176499018
992260094884896982
0
850697447258561877
947847462311319448
0
0
0
0
170729558449832417
0
693702393956690766
0
0
844716437186023002
834498324968105368
873811516761730210
581863770077514562
0
718155060753444415
0
526372908696284076
0
486137142459688281
667983026953251016
0
0
43854461107443322
0
239761644167190336
0
589394789013400940
0
243102145410803572
0
0
0
0
891966041679718046
864155866076339235
597475021745639453
122901024699730470
200993280468232294
0
355449877779409034
554494201939695205
0
113513768777484104
433894084732914369
0
579729133401414030
136043216465101796
327872776104828888
0
884883882850998421
499068063159301167
323619453798678150
320094467512347096
0
88485246942606297
357856771303527102
0
281410277456253393
557348522496235370
69664656302280041
0
0
0
15398950291781510
0
0
446641160400823200
0
523208185336879074
687006784470061321
0
0
0
89966393240557988
779346436966662710
0
431774320028404854
219241606627925416
115018535402874222
275745074702190258
420521479932470724
0
0
0
643714228969819616
805355855082136238
642454543287065048
265930824933859254
0
84584895077983784
38184731081792397
591667833839308655
37511290075413993
0
758604801985000462
607019055890173339
644345719166771544
0
0
0
892984331686590899
395806748510970164
71008951497397236
309565697097727547
0
0
0
497331235628274673
0
501123701358354687
988726900422750921
0
506823142450090466
310047064319558219
477282093826198838
298698165572702480
0
212699883769653532
0
556802768001848181
0
0
0
821493301618334618
0
635975922742255509
0
0
979371392084561750
594354859425699373
257036626817793925
0
719560053191718246
0
370235791067235934
281266556299867325
560636516731631751
212692620264803491
0
0
464453309810859889
0
266874089453556211
0
141018801701262609
0
0
215831274018756023
786671178334404730
23879736563841032
922504442692040914
0
99066895815546063
527907796056772730
159155591858350987
0
792770378946893968
0
0
852772476557113457
0
0
598420725612225803
444120600961356107
0
0
713054261035181306
0
759713323455838414
940463629169698453
702248626279316313
0
0
35458009259617428
0
0
137191293463789546
0
0
25990817641987817
0
0
0
0
0
140253361660989456
0
0
0
0
831495095357429729
0
0
590175507628158563
0
0
0
0
0
366848598291292312
410888762065356515
807770946887181958
442725085960482936
242887253892178498
0
364865704299877664
69436214342544430
0
13020327554585280
387478031502515218
0
845761487083730695
231152515772842389
0
46035109085084336
0
0
0
0
0
0
0
662791360870414806
895392667477883321
0
0
0
336579068682085801
0
891728867158183561
10070208700163327
225997919503268552
0
299795928351334938
0
910895339400142829
975220226229310911
768333158951789349
0
644051656041442812
294967512395581238
0
314408523446705025
0
0
296748930245020933
0
0
0
606672651003238117
895277529190724347
0
0
0
142469700600793537
186215316891009533
0
0
0
715150382447023942
0
355120893988324946
0
829265524530134133
129653971299090721
835413522623084190
0
666817638019045612
534830108078065236
0
773792597932373682
0
0
0
0
0
0
0
0
344804665514525846
0
529650209597721465
0
753146270361296409
0
0
0
556409607013812195
0
653218919016948029
0
0
0
717791190196565625
620147833516366863
186449086822476643
0
531137624380611517
284684168787604943
707404485632503254
0
0
634745024258355389
579732141267972079
411927528691017423
607660940684645508
803102436963040580
0
769555091147047030
0
691237428413011084
181011196522074066
0
830063292913385714
96039999850485568
430846880957912349
617489755102503877
927418817557549545
0
0
0
0
0
0
0
0
739452263902117049
0
646176407241263338
0
936044989640980338
0
0
0
0
2060454856014684
0
0
0
338972691838355207
233398594056189347
68786277593573879
210555928613293778
0
0
0
128997747126961451
314046134043567995
118062623565569802
501626969917122035
0
849699752868755780
421673039633866449
0
0
0
0
0
702837710013043308
0
0
0
0
215692788855297873
609946371125102237
0
0
0
231272868235437907
0
417089679053480955
0
588332756192762086
57764083693311237
0
404014422391405988
0
0
646134842113986351
299048458451479687
371510998177261968
121705977405292890
0
0
548945204203111949
813148281999420277
716457198346290198
27503492910774441
102928293000902667
0
0
61029578339877653
471828369625062396
20494527735912232
0
0
0
0
0
210018341236946174
0
0
0
920216259933210895
0
0
0
721297384877719216
0
733979945473957303
0
0
0
0
0
609052763711854672
0
240260930869537497
0
0
0
0
331488801804816963
0
0
453059391570132398
0
64933698666586945
334155557060721981
209672307947797468
0
0
532198511956823957
292174356800948662
748240903913715593
0
48902460446297079
736706736839938083
0
229253160520011238
31510864880377761
0
379953213715146602
541872021200640903
200993280468232294
0
995630277592193308
536626328550884394
438529036587720206
0
0
0
401405534953617275
0
0
0
607600537048950342
0
0
0
303259216403144038
0
0
0
304956163551443439
0
397853207522417117
300809764424706785
0
0
0
0
439958977376625785
279236780700066969
954147590262058792
0
652438614720440902
199574799933463064
548758496797418718
0
0
0
0
0
0
0
419556430570347175
501449702650298635
69593705703022584
549307109838497482
0
0
712849783037384058
0
0
0
118781978570971932
298514928026731054
0
0
900770636310481975
206452562003868547
756118977949678432
11904359385634368
0
0
588409988637701226
0
0
625722339032164670
0
0
309758042066965477
0
794037465748908621
730710431612753
0
84042336995581467
265101796675169896
0
0
0
960530633917889818
814449056428256382
201218480457047472
430859983286507901
784035568644913043
0
900205801003210650
0
908216264523471630
42586756242268755
438177479992481433
371996173355978563
202012476882122271
405305513107849643
823325068975993879
657094109550876946
78348059098855736
0
0
186439997298353688
794135156658959085
326566069228196580
612382146087591207
0
0
0
0
71382372188506107
0
476649201711584659
39142339036770544
0
0
0
0
62468833576498406
189562502827920830
0
0
0
562116226037882643
724030935503685997
0
0
743994516229710605
0
985476355153401354
540741388245899562
279781971729600955
515279645015171548
724625336737376326
0
0
0
0
0
0
0
922810161431428038
0
916648858907353052
539698144647163119
0
810281228527120450
0
0
0
592247369833075699
545460040255932896
0
0
86695756612243963
0
935035909395930986
260641932075237249
0
0
556431169732756829
0
610471615615078380
407810419128975045
0
288477052040425917
0
0
0
0
0
216851502357690295
547889105538112623
0
656293839811904764
0
0
0
0
298924660499931226
850937216818674160
0
608728787205698886
0
0
174444743904661114
701377506159828675
307697169741582988
0
0
988201561671096682
132409668321435904
155134460081534480
0
0
0
36439728041947351
0
221072050879626236
0
787228194257972296
0
0
201967745700911600
19251121387400674
0
0
226286706593277728
99822348490054719
0
0
64303781996378566
0
277242912651579350
989839837095840336
0
374668795779897091
112288704704551345
921907493952334705
487938396090507089
0
131426510604831371
899533081511739885
69177291171312533
134550677648159528
0
0
0
0
102438831080502731
952338603973843090
613283470060861931
496098820268366952
0
0
498728711365687254
0
735684549078689318
0
923351839678596406
479707696865376500
0
0
732043475569139924
207977869426783506
464222308198296003
476232309323291556
0
127521699575807175
294063670871916954
0
616967142622812111
0
268136337961494977
0
457500687784823240
486422172640754225
448008750097148267
0
509722639500739328
644718285702148111
909333843707298510
0
965918649107185347
450567050645442947
527851718306598821
0
125934588871667926
844439026630585354
913934427014151036
951768691525044548
221998139196872665
0
803162221340864586
0
201513203400895086
0
48610069229627422
277481578361241350
588090887591734705
231146281125873992
0
295808854537476285
89031279886384140
263627025851537356
0
878383134356949253
0
148600377457060165
827972606183328924
824741831709614915
8433360826988448
450787715536496656
0
444795823369849635
0
0
0
0
519331971981666076
0
0
0
587800999275818896
0
0
678885398576332150
814538816608152548
0
0
0
444730850518771759
834806006960886108
0
556291650995913124
26522303052336015
796980169587109349
0
809953685374286894
625624248340489618
699187262611513206
659210758060356969
676942343471053689
0
716917043285692714
387631618140051093
0
385234375799355498
0
0
819700280790818892
685036871435350761
0
155041627293790381
967072220860028916
660289562026094800
0
130824951405928559
0
0
0
0
620091032802017416
0
0
0
961287570071934085
0
0
73372281737034113
41258264988559241
0
0
0
0
801039033024020115
0
495802865975221312
96930989142478290
726057508512739506
914025576772243106
0
0
0
0
105947399977684103
90163214683875755
78015006239971357
0
128134444435520352
225686767279094528
0
78241114265709865
119378461898812006
0
0
0
936165455981184849
0
0
0
0
503016642482741189
0
799211948661093215
658152205030641040
334044973435876933
226752694360059336
0
449596694358216873
922877294199604009
0
0
983658887374405349
0
805743394903743556
0
0
758183912590584611
0
881890504377039127
0
0
0
645943898960943925
0
0
0
0
532701539394466825
0
759926952901844351
0
576234822361124088
718291019750618725
906478185161126088
0
0
878932943257420601
77316203486147113
908064897832592930
0
648864348667867322
295743693267638921
0
964640292868638987
116722480869167887
0
0
0
953330178758903784
973032480114335541
499565902930764107
0
281143322678610259
703334960369318115
664184888797458173
359903850168838850
0
423913716239844041
916190515713525903
463002315477439619
464773979427650463
0
240903854998091247
285577286542003041
0
987132020425625387
558025927285533408
0
0
0
287725746612733697
0
0
0
635597707667483109
765937208238673470
448841155804321112
638751856262540120
0
0
0
0
649704736532546659
0
341877515230726023
801993177997132682
980156217269931454
963409707669939988
0
120348063506015802
0
0
270664001351946910
459833531761042686
0
0
0
0
664672391467702279
993956917195553677
603989107254121696
873361847366560793
402648068997893588
0
962564093437204920
223144313190696749
191441640846239504
0
87412073491224347
162729690071404251
313429777291218263
0
0
345780239520948966
0
388356799704304427
0
0
872173326029921262
0
0
187877350755824774
314198040602290521
0
743186996722066080
823337225723103238
0
824596185404779471
0
0
0
0
143933415717652367
340344990306794544
0
0
0
886332838880397868
157669508750432084
233029448833289548
852721536144475872
0
752394956039681247
143021853880580698
0
630196977192285646
681549146482106975
325312508653299207
282633599410186971
0
883092905005783837
25698842610899504
0
0
652311978591673927
0
0
0
297472214853404696
70904200372061638
0
0
0
0
0
211975967142142400
0
0
0
0
299620767296862476
0
0
0
0
528448829921156412
0
853073587099070502
30728270250075854
862021758396075322
0
684258906070715227
0
739408241278715776
346600071261661822
0
14711814186460269
0
205099713311541998
0
544075911772823047
229829451765784535
979742778496289113
819833478710391265
185849578019309979
0
200056669781861664
0
0
0
0
628969211367041246
331791902804397025
0
0
0
136931802457686444
403062252085243224
200625169791655061
315525209370080291
0
334948991901123511
0
0
943720670098652083
624412985329095208
0
992083537245613751
0
949503373394563464
0
0
106104091093873760
0
968558745989706773
0
125603474398331394
457424291259456048
942858700942750235
0
0
0
537531800098769417
0
842749643251396885
0
0
0
172983826219012464
0
0
631565558863920699
488338245934603979
0
747685756312964841
751144945089792665
0
0
0
71873454277141452
391148177534813988
0
481993878053566712
374270022101375670
0
0
0
483927838210766278
946013145979911052
0
0
820284057944259974
546469523374084746
38538349195537011
0
0
0
0
460724575804621636
800263335094444601
823732853613655142
0
0
0
191816729945830402
857043819486525110
0
0
491092186623556795
0
0
0
115801868725513550
0
0
669176950772543364
131742319978070783
597475021745639453
0
558859392336414289
947718722711172609
0
0
266239327546687947
0
0
421060032702498726
0
0
690239759426172950
211508036046195618
0
616552210448902213
0
826439321755772202
94388394186938948
0
0
0
0
725351033430898806
461594603550446232
0
284820006593236333
0
204249757054130153
67828420110781142
0
96540313613034739
0
990215452137504965
0
0
98469445753627005
931043801772210296
96356118891728217
271425204758033948
972788759222054089
395346160823512256
0
361297455984995626
0
68624541793583270
534043444469069250
0
0
415564900654566909
187160894162356488
716002600439395503
0
0
605350727742379083
892244886403312093
887173969252777695
0
426772017176471431
342088985574705959
368465009235987288
546540028307374828
995533124713984310
570296039369566189
978084160444300909
0
0
0
0
562772648160243369
0
0
582274464987276786
0
0
0
0
389584685265743770
735312261796159615
148269103024755250
0
0
9087650127616504
0
481485306341240447
487637014156705627
342287052098378780
287164805442422636
674166585581041650
871622304435642691
597068391083227103
0
0
0
661336889350425960
282914361126831833
230811899240979949
0
0
0
136960491626204901
430384727983380961
876298202219242493
0
0
611576050049104283
236319467510156022
899079022624406025
271888971288175841
0
0
0
824463879034328785
440045194862643186
132894597807822677
0
639100311353830553
0
0
920126599683776600
554779469408057021
0
0
0
714271914553377657
694116938355935741
0
0
0
0
545068737778424152
0
509882435005080509
0
0
0
146816261724760309
99392629343600055
0
491849302510435285
627936373180951850
0
427323055467974410
817424942214918043
411908901393327660
668898078433147437
400258623998877226
188548580808963794
629899333100597272
0
196872379651791034
0
0
366866715614026010
375645354873397750
9880751388054057
0
34476409904791017
318728486238933909
675393545559321200
0
0
498562662697182301
382400286445716577
0
292820549528775823
519894445639432044
0
0
0
366967480922946254
0
0
523676248769205908
211256024634935112
61788034324294733
478279650711944036
687855429842906831
0
0
47672893121150313
882002357217237911
602386420163661902
706922021268429529
912119934197158755
0
0
466391615934596685
0
994032423992223626
0
0
964047771598615952
0
476631485419547126
852308365225172295
0
161559965705287093
880304918470639119
174199595245659589
363446409326262948
0
861685459588204370
0
260763554481379549
0
426854386279098397
236413546265602559
636156130522769273
309335846774079150
43110878628446040
140046245718549759
0
0
0
799253001181123279
0
0
415381754634953782
0
0
0
192381443016419378
0
0
0
68205590009673358
312292010713825762
500306901915032333
0
0
777836380588245379
0
414329289438760948
0
875847699535718016
848614590780623403
657135567318842947
0
821493301618334618
893811685819649862
0
0
842962618003518375
0
730606818824706915
823829031425984223
0
0
143521824938081109
0
0
0
0
0
0
0
0
0
105284106214085433
0
0
168220761693853091
0
821072895019842102
0
546594187318670681
0
713518833454051316
909333843707298510
0
944978600779545185
222293797043760611
576187481527204434
0
962159705441942902
558528475260536821
0
355449877779409034
0
652573628194268758
776800050233984809
0
116539234900139059
999143976642815355
551473945945445449
695892447401328629
947604612569564265
378825651668575188
0
0
0
572097819800038430
0
0
441736551140611828
973729322230607693
900060235952493187
191761264148843085
0
121618191583727298
476179328479399124
725347088244127145
0
653092438874301605
608915630163219317
963701108976601054
33987768133490180
264736654559982311
0
0
935394166445444122
832119382791543460
735904730892939167
971026475377930234
0
339717920758229160
0
0
0
0
0
0
967477939987992194
637572168820316286
0
283104204288718154
0
0
305241825957511632
0
0
198720173296803300
0
0
735604541610205699
0
447301697491001187
886680872474792824
878209602463121198
618860301312126519
0
0
0
64633046355200395
628974108174444290
0
0
291585328598061877
0
0
944847550232613071
938354215208152597
0
0
629688245474014825
297472214853404696
0
321199605693945256
0
183382371757310762
0
573580624600332359
0
63474551781203230
0
0
201513203400895086
0
39649311179397493
105472039337183212
0
838420477809469696
0
93754464629419916
0
475889315346504749
0
0
228933726495934582
0
0
0
172522707954770286
0
0
0
0
0
33757288661838292
0
862434427561842182
954301162822218030
0
0
111133434197547309
716539301192076666
620505539038183097
246049992082811172
789283423548193857
451505212102797625
0
0
99302125360490366
0
775010922601926262
2809826406880984
0
790949860860522295
0
0
0
0
581863770077514562
0
785150464040128749
878205798105579910
0
0
0
0
0
0
231562949950257640
403383736893445323
0
161428191204041544
0
653301680798979004
378559133536280130
0
933336299462672193
0
130977389536442450
32797392000758281
888537532562944938
0
0
119051778768336292
565155868094863576
0
0
25915186882567848
0
818990982230515395
450711945736343697
136814826575157509
119863154256032415
379645446862313342
75948395531851171
0
480214515136383712
0
775067549712138362
0
0
0
0
0
841700989065137668
589744888535336966
636214341761422915
630982848164353585
0
0
933073040517192495
0
248875610349478065
0
151828178209159828
0
0
146424736402472710
0
240646796094274247
0
91445643615918237
0
0
0
0
0
0
0
568495306251457047
0
895183190722931683
0
0
94216783844168823
0
486644143201534824
57308730270777532
47682877979872544
0
0
305021269695605215
0
0
684632228047685484
0
961435046433682593
887774665209291901
0
368830044133226793
0
224598921199866225
0
0
0
293215123301667263
0
59823245721047898
0
195830027672131708
0
0
592921644842576930
767011604807676306
229190070609257512
0
889466917705949371
888694377185030517
0
67146905378270903
873095611642303540
147165066363981976
716002600439395503
260705225249907001
0
957720345756152290
72207455128779339
525845715610883713
0
0
897173916352785006
927800250445865453
0
0
0
482824161176616122
0
394030442431827817
0
0
0
0
0
0
0
0
156237189389609158
0
838588863766850225
186902883744838705
0
535221302211661735
719713309660407812
0
0
0
896089479553002691
0
0
0
0
0
965902496166072942
0
0
593851904528064289
0
440537897540528031
0
0
546978998842299121
499095588037505438
83744870676661053
502986214003165459
909843057797792281
0
771154654798772486
0
0
57849347807185086
171559618312294877
0
352023154464266984
0
841338373943688339
559364454684676861
0
348483690108999333
855656949569252992
86505674869556548
174698345730591035
0
0
117968256632225206
980334270574908176
639092322213384160
0
0
0
537511251107308095
0
900682194636424974
860467354862278076
236642887034768997
584089837129048698
0
0
0
344829923638365251
449778088774691021
0
348856001587484358
837022669327936982
728809258196455434
293635415298883258
0
939134551469603490
